<?xml version="1.0" encoding="UTF-8"?>
<TestRun id="317a3469-0cd0-4829-be31-4ddefdb16df3" name="Gary Hall@GARYHALL-PC 2010-08-13 16:36:43" runUser="GaryHall-PC\Gary Hall" xmlns="http://microsoft.com/schemas/VisualStudio/TeamTest/2010">
  <TestSettings name="Local" id="e533ef08-9b5d-45f9-9cf4-b65cf17f0508">
    <Description>These are default test settings for a local test run.</Description>
    <Deployment enabled="false" runDeploymentRoot="Gary Hall_GARYHALL-PC 2010-08-13 16_36_43">
      <DeploymentItem filename="D:\Users7\Gary Hall\Development\MyMoney.Model\MyMoney.Model\bin\Debug\MyMoney.Model.dll" />
    </Deployment>
    <Execution>
      <TestTypeSpecific />
      <AgentRule name="Execution Agents">
      </AgentRule>
    </Execution>
  </TestSettings>
  <Times creation="2010-08-13T16:36:43.3404360+01:00" queuing="2010-08-13T16:36:44.5345043+01:00" start="2010-08-13T16:36:44.5545055+01:00" finish="2010-08-13T16:36:45.0895361+01:00" />
  <ResultSummary outcome="Completed">
    <Counters total="29" executed="29" passed="29" error="0" failed="0" timeout="0" aborted="0" inconclusive="0" passedButRunAborted="0" notRunnable="0" notExecuted="0" disconnected="0" warning="0" completed="0" inProgress="0" pending="0" />
  </ResultSummary>
  <TestDefinitions>
    <UnitTest name="TestAccountsCannotBeDirectlyCyclical" storage="d:\users7\gary hall\development\mymoney.model\mymoney.model.test\bin\debug\mymoney.model.test.dll" id="719b99a2-ccd9-d901-c33e-c7ca5b16d735">
      <Execution id="61009748-fde6-429f-8fb0-afd09a9efe7c" />
      <TestMethod codeBase="D:/Users7/Gary Hall/Development/MyMoney.Model/MyMoney.Model.Test/bin/Debug/MyMoney.Model.Test.DLL" adapterTypeName="Microsoft.VisualStudio.TestTools.TestTypes.Unit.UnitTestAdapter, Microsoft.VisualStudio.QualityTools.Tips.UnitTest.Adapter, Version=10.0.0.0, Culture=neutral, PublicKeyToken=b03f5f7f11d50a3a" className="MyMoney.Model.Test.CompositeAccountTests, MyMoney.Model.Test, Version=1.0.0.0, Culture=neutral, PublicKeyToken=null" name="TestAccountsCannotBeDirectlyCyclical" />
    </UnitTest>
    <UnitTest name="TestMoneyGreaterThan" storage="d:\users7\gary hall\development\mymoney.model\mymoney.model.test\bin\debug\mymoney.model.test.dll" id="a131c1cd-5ebb-f896-bf70-e19826c2755a">
      <Execution id="2c81e3e2-d8ed-46bd-ae76-15568bed1367" />
      <TestMethod codeBase="D:/Users7/Gary Hall/Development/MyMoney.Model/MyMoney.Model.Test/bin/Debug/MyMoney.Model.Test.DLL" adapterTypeName="Microsoft.VisualStudio.TestTools.TestTypes.Unit.UnitTestAdapter, Microsoft.VisualStudio.QualityTools.Tips.UnitTest.Adapter, Version=10.0.0.0, Culture=neutral, PublicKeyToken=b03f5f7f11d50a3a" className="MyMoney.Model.Test.MoneyTests, MyMoney.Model.Test, Version=1.0.0.0, Culture=neutral, PublicKeyToken=null" name="TestMoneyGreaterThan" />
    </UnitTest>
    <UnitTest name="TestDecimalSubtraction" storage="d:\users7\gary hall\development\mymoney.model\mymoney.model.test\bin\debug\mymoney.model.test.dll" id="ec648528-7639-30f5-a594-aa50e078b4a6">
      <Execution id="72d9cfca-37c4-498c-9f7e-44f0219e73b3" />
      <TestMethod codeBase="D:/Users7/Gary Hall/Development/MyMoney.Model/MyMoney.Model.Test/bin/Debug/MyMoney.Model.Test.DLL" adapterTypeName="Microsoft.VisualStudio.TestTools.TestTypes.Unit.UnitTestAdapter, Microsoft.VisualStudio.QualityTools.Tips.UnitTest.Adapter, Version=10.0.0.0, Culture=neutral, PublicKeyToken=b03f5f7f11d50a3a" className="MyMoney.Model.Test.MoneyTests, MyMoney.Model.Test, Version=1.0.0.0, Culture=neutral, PublicKeyToken=null" name="TestDecimalSubtraction" />
    </UnitTest>
    <UnitTest name="TestCalculateNewBalanceWithWithdrawal" storage="d:\users7\gary hall\development\mymoney.model\mymoney.model.test\bin\debug\mymoney.model.test.dll" id="cf7300a1-3521-5eea-bdb6-deaacc452e6a">
      <Execution id="8b2bacb7-5add-4886-886e-6a5617a66a01" />
      <TestMethod codeBase="D:/Users7/Gary Hall/Development/MyMoney.Model/MyMoney.Model.Test/bin/Debug/MyMoney.Model.Test.DLL" adapterTypeName="Microsoft.VisualStudio.TestTools.TestTypes.Unit.UnitTestAdapter, Microsoft.VisualStudio.QualityTools.Tips.UnitTest.Adapter, Version=10.0.0.0, Culture=neutral, PublicKeyToken=b03f5f7f11d50a3a" className="MyMoney.Model.Test.EntryTests, MyMoney.Model.Test, Version=1.0.0.0, Culture=neutral, PublicKeyToken=null" name="TestCalculateNewBalanceWithWithdrawal" />
    </UnitTest>
    <UnitTest name="TestMoneyLessThan_WithDifferentCurrencies" storage="d:\users7\gary hall\development\mymoney.model\mymoney.model.test\bin\debug\mymoney.model.test.dll" id="0e419ff0-125a-7bf6-462b-1ac3be8e60b3">
      <Execution id="aebb2e65-c24f-4d39-99bb-0d449d0b5471" />
      <TestMethod codeBase="D:/Users7/Gary Hall/Development/MyMoney.Model/MyMoney.Model.Test/bin/Debug/MyMoney.Model.Test.DLL" adapterTypeName="Microsoft.VisualStudio.TestTools.TestTypes.Unit.UnitTestAdapter, Microsoft.VisualStudio.QualityTools.Tips.UnitTest.Adapter, Version=10.0.0.0, Culture=neutral, PublicKeyToken=b03f5f7f11d50a3a" className="MyMoney.Model.Test.MoneyTests, MyMoney.Model.Test, Version=1.0.0.0, Culture=neutral, PublicKeyToken=null" name="TestMoneyLessThan_WithDifferentCurrencies" />
    </UnitTest>
    <UnitTest name="TestMoneySubtraction" storage="d:\users7\gary hall\development\mymoney.model\mymoney.model.test\bin\debug\mymoney.model.test.dll" id="76663220-b66f-a344-1b95-70336a50cd79">
      <Execution id="e00bdb33-29d4-49dd-9b9e-c69aeb4265da" />
      <TestMethod codeBase="D:/Users7/Gary Hall/Development/MyMoney.Model/MyMoney.Model.Test/bin/Debug/MyMoney.Model.Test.DLL" adapterTypeName="Microsoft.VisualStudio.TestTools.TestTypes.Unit.UnitTestAdapter, Microsoft.VisualStudio.QualityTools.Tips.UnitTest.Adapter, Version=10.0.0.0, Culture=neutral, PublicKeyToken=b03f5f7f11d50a3a" className="MyMoney.Model.Test.MoneyTests, MyMoney.Model.Test, Version=1.0.0.0, Culture=neutral, PublicKeyToken=null" name="TestMoneySubtraction" />
    </UnitTest>
    <UnitTest name="TestRemoveAccount" storage="d:\users7\gary hall\development\mymoney.model\mymoney.model.test\bin\debug\mymoney.model.test.dll" id="4846a8e9-75dc-cada-1387-c372c7702a90">
      <Execution id="115c5d13-2300-4522-ae69-9e86f921d506" />
      <TestMethod codeBase="D:/Users7/Gary Hall/Development/MyMoney.Model/MyMoney.Model.Test/bin/Debug/MyMoney.Model.Test.DLL" adapterTypeName="Microsoft.VisualStudio.TestTools.TestTypes.Unit.UnitTestAdapter, Microsoft.VisualStudio.QualityTools.Tips.UnitTest.Adapter, Version=10.0.0.0, Culture=neutral, PublicKeyToken=b03f5f7f11d50a3a" className="MyMoney.Model.Test.CompositeAccountTests, MyMoney.Model.Test, Version=1.0.0.0, Culture=neutral, PublicKeyToken=null" name="TestRemoveAccount" />
    </UnitTest>
    <UnitTest name="TestAccountBalanceAllDeposits" storage="d:\users7\gary hall\development\mymoney.model\mymoney.model.test\bin\debug\mymoney.model.test.dll" id="355d3f79-faa6-4ed9-bc49-0057d3295009">
      <Execution id="2834a488-0c95-404b-bf5d-2616d7951314" />
      <TestMethod codeBase="D:/Users7/Gary Hall/Development/MyMoney.Model/MyMoney.Model.Test/bin/Debug/MyMoney.Model.Test.DLL" adapterTypeName="Microsoft.VisualStudio.TestTools.TestTypes.Unit.UnitTestAdapter, Microsoft.VisualStudio.QualityTools.Tips.UnitTest.Adapter, Version=10.0.0.0, Culture=neutral, PublicKeyToken=b03f5f7f11d50a3a" className="MyMoney.Model.Test.LeafAccountTests, MyMoney.Model.Test, Version=1.0.0.0, Culture=neutral, PublicKeyToken=null" name="TestAccountBalanceAllDeposits" />
    </UnitTest>
    <UnitTest name="TestMoneyEquality" storage="d:\users7\gary hall\development\mymoney.model\mymoney.model.test\bin\debug\mymoney.model.test.dll" id="78c91968-703b-bff5-6f93-3d07f3ffd761">
      <Execution id="c4f180d0-8cc6-421c-87ee-6a131fc8953b" />
      <TestMethod codeBase="D:/Users7/Gary Hall/Development/MyMoney.Model/MyMoney.Model.Test/bin/Debug/MyMoney.Model.Test.DLL" adapterTypeName="Microsoft.VisualStudio.TestTools.TestTypes.Unit.UnitTestAdapter, Microsoft.VisualStudio.QualityTools.Tips.UnitTest.Adapter, Version=10.0.0.0, Culture=neutral, PublicKeyToken=b03f5f7f11d50a3a" className="MyMoney.Model.Test.MoneyTests, MyMoney.Model.Test, Version=1.0.0.0, Culture=neutral, PublicKeyToken=null" name="TestMoneyEquality" />
    </UnitTest>
    <UnitTest name="TestIntegerDivision" storage="d:\users7\gary hall\development\mymoney.model\mymoney.model.test\bin\debug\mymoney.model.test.dll" id="55d7d97b-90da-424d-f7a3-3b4d69b551e8">
      <Execution id="4b5128b1-49be-4427-a827-2a372208bb74" />
      <TestMethod codeBase="D:/Users7/Gary Hall/Development/MyMoney.Model/MyMoney.Model.Test/bin/Debug/MyMoney.Model.Test.DLL" adapterTypeName="Microsoft.VisualStudio.TestTools.TestTypes.Unit.UnitTestAdapter, Microsoft.VisualStudio.QualityTools.Tips.UnitTest.Adapter, Version=10.0.0.0, Culture=neutral, PublicKeyToken=b03f5f7f11d50a3a" className="MyMoney.Model.Test.MoneyTests, MyMoney.Model.Test, Version=1.0.0.0, Culture=neutral, PublicKeyToken=null" name="TestIntegerDivision" />
    </UnitTest>
    <UnitTest name="TestAccountsWithSameNameCanExistInHierarchy" storage="d:\users7\gary hall\development\mymoney.model\mymoney.model.test\bin\debug\mymoney.model.test.dll" id="0df82333-8dd3-2386-4548-831092c0a100">
      <Execution id="446dad09-dd04-4448-b0f7-09098e183968" />
      <TestMethod codeBase="D:/Users7/Gary Hall/Development/MyMoney.Model/MyMoney.Model.Test/bin/Debug/MyMoney.Model.Test.DLL" adapterTypeName="Microsoft.VisualStudio.TestTools.TestTypes.Unit.UnitTestAdapter, Microsoft.VisualStudio.QualityTools.Tips.UnitTest.Adapter, Version=10.0.0.0, Culture=neutral, PublicKeyToken=b03f5f7f11d50a3a" className="MyMoney.Model.Test.CompositeAccountTests, MyMoney.Model.Test, Version=1.0.0.0, Culture=neutral, PublicKeyToken=null" name="TestAccountsWithSameNameCanExistInHierarchy" />
    </UnitTest>
    <UnitTest name="TestMoneyGreaterThanOrEqualTo" storage="d:\users7\gary hall\development\mymoney.model\mymoney.model.test\bin\debug\mymoney.model.test.dll" id="28f7f648-05a2-44d1-103b-7fd5a2e1924b">
      <Execution id="b2cc5677-68e0-4700-9c36-4d33701a1428" />
      <TestMethod codeBase="D:/Users7/Gary Hall/Development/MyMoney.Model/MyMoney.Model.Test/bin/Debug/MyMoney.Model.Test.DLL" adapterTypeName="Microsoft.VisualStudio.TestTools.TestTypes.Unit.UnitTestAdapter, Microsoft.VisualStudio.QualityTools.Tips.UnitTest.Adapter, Version=10.0.0.0, Culture=neutral, PublicKeyToken=b03f5f7f11d50a3a" className="MyMoney.Model.Test.MoneyTests, MyMoney.Model.Test, Version=1.0.0.0, Culture=neutral, PublicKeyToken=null" name="TestMoneyGreaterThanOrEqualTo" />
    </UnitTest>
    <UnitTest name="TestAddAccount" storage="d:\users7\gary hall\development\mymoney.model\mymoney.model.test\bin\debug\mymoney.model.test.dll" id="b2747cb5-7215-0a6d-5362-1b292dab29c8">
      <Execution id="82833812-5c49-4020-8db8-4e3531ab1c95" />
      <TestMethod codeBase="D:/Users7/Gary Hall/Development/MyMoney.Model/MyMoney.Model.Test/bin/Debug/MyMoney.Model.Test.DLL" adapterTypeName="Microsoft.VisualStudio.TestTools.TestTypes.Unit.UnitTestAdapter, Microsoft.VisualStudio.QualityTools.Tips.UnitTest.Adapter, Version=10.0.0.0, Culture=neutral, PublicKeyToken=b03f5f7f11d50a3a" className="MyMoney.Model.Test.CompositeAccountTests, MyMoney.Model.Test, Version=1.0.0.0, Culture=neutral, PublicKeyToken=null" name="TestAddAccount" />
    </UnitTest>
    <UnitTest name="TestMoneyAddition_WithDifferentCurrencies" storage="d:\users7\gary hall\development\mymoney.model\mymoney.model.test\bin\debug\mymoney.model.test.dll" id="8dcc9c7e-1445-b321-953e-5e9ded9d51f6">
      <Execution id="4e76a5c9-e72e-4574-8a4c-17db9db172ba" />
      <TestMethod codeBase="D:/Users7/Gary Hall/Development/MyMoney.Model/MyMoney.Model.Test/bin/Debug/MyMoney.Model.Test.DLL" adapterTypeName="Microsoft.VisualStudio.TestTools.TestTypes.Unit.UnitTestAdapter, Microsoft.VisualStudio.QualityTools.Tips.UnitTest.Adapter, Version=10.0.0.0, Culture=neutral, PublicKeyToken=b03f5f7f11d50a3a" className="MyMoney.Model.Test.MoneyTests, MyMoney.Model.Test, Version=1.0.0.0, Culture=neutral, PublicKeyToken=null" name="TestMoneyAddition_WithDifferentCurrencies" />
    </UnitTest>
    <UnitTest name="TestAccountsCannotBeIndirectlyCyclical" storage="d:\users7\gary hall\development\mymoney.model\mymoney.model.test\bin\debug\mymoney.model.test.dll" id="84331712-c27b-c50b-772b-5da9c5e5f9ca">
      <Execution id="8029093d-2b64-402f-b0ed-ed724f0ec10c" />
      <TestMethod codeBase="D:/Users7/Gary Hall/Development/MyMoney.Model/MyMoney.Model.Test/bin/Debug/MyMoney.Model.Test.DLL" adapterTypeName="Microsoft.VisualStudio.TestTools.TestTypes.Unit.UnitTestAdapter, Microsoft.VisualStudio.QualityTools.Tips.UnitTest.Adapter, Version=10.0.0.0, Culture=neutral, PublicKeyToken=b03f5f7f11d50a3a" className="MyMoney.Model.Test.CompositeAccountTests, MyMoney.Model.Test, Version=1.0.0.0, Culture=neutral, PublicKeyToken=null" name="TestAccountsCannotBeIndirectlyCyclical" />
    </UnitTest>
    <UnitTest name="TestMoneyGreaterThanOrEqualTo_WithDifferentCurrencies" storage="d:\users7\gary hall\development\mymoney.model\mymoney.model.test\bin\debug\mymoney.model.test.dll" id="e3259fc0-849f-28fd-20c2-ca89775496f9">
      <Execution id="74044b7b-4902-4492-9267-256f9076a479" />
      <TestMethod codeBase="D:/Users7/Gary Hall/Development/MyMoney.Model/MyMoney.Model.Test/bin/Debug/MyMoney.Model.Test.DLL" adapterTypeName="Microsoft.VisualStudio.TestTools.TestTypes.Unit.UnitTestAdapter, Microsoft.VisualStudio.QualityTools.Tips.UnitTest.Adapter, Version=10.0.0.0, Culture=neutral, PublicKeyToken=b03f5f7f11d50a3a" className="MyMoney.Model.Test.MoneyTests, MyMoney.Model.Test, Version=1.0.0.0, Culture=neutral, PublicKeyToken=null" name="TestMoneyGreaterThanOrEqualTo_WithDifferentCurrencies" />
    </UnitTest>
    <UnitTest name="TestMoneySubtraction_WithDifferentCurrencies" storage="d:\users7\gary hall\development\mymoney.model\mymoney.model.test\bin\debug\mymoney.model.test.dll" id="7de16891-0c69-f9dd-d022-02f5a9c59639">
      <Execution id="50e4c1d9-163a-4c29-ae48-fbe44a0dce09" />
      <TestMethod codeBase="D:/Users7/Gary Hall/Development/MyMoney.Model/MyMoney.Model.Test/bin/Debug/MyMoney.Model.Test.DLL" adapterTypeName="Microsoft.VisualStudio.TestTools.TestTypes.Unit.UnitTestAdapter, Microsoft.VisualStudio.QualityTools.Tips.UnitTest.Adapter, Version=10.0.0.0, Culture=neutral, PublicKeyToken=b03f5f7f11d50a3a" className="MyMoney.Model.Test.MoneyTests, MyMoney.Model.Test, Version=1.0.0.0, Culture=neutral, PublicKeyToken=null" name="TestMoneySubtraction_WithDifferentCurrencies" />
    </UnitTest>
    <UnitTest name="TestMoneyLessThanOrEqualTo" storage="d:\users7\gary hall\development\mymoney.model\mymoney.model.test\bin\debug\mymoney.model.test.dll" id="24c04acd-26f2-cbd9-bbfa-3094dab94a1b">
      <Execution id="57dc3c40-1957-497d-a748-0ae89c8bd60c" />
      <TestMethod codeBase="D:/Users7/Gary Hall/Development/MyMoney.Model/MyMoney.Model.Test/bin/Debug/MyMoney.Model.Test.DLL" adapterTypeName="Microsoft.VisualStudio.TestTools.TestTypes.Unit.UnitTestAdapter, Microsoft.VisualStudio.QualityTools.Tips.UnitTest.Adapter, Version=10.0.0.0, Culture=neutral, PublicKeyToken=b03f5f7f11d50a3a" className="MyMoney.Model.Test.MoneyTests, MyMoney.Model.Test, Version=1.0.0.0, Culture=neutral, PublicKeyToken=null" name="TestMoneyLessThanOrEqualTo" />
    </UnitTest>
    <UnitTest name="TestMoneyLessThan" storage="d:\users7\gary hall\development\mymoney.model\mymoney.model.test\bin\debug\mymoney.model.test.dll" id="c1a50ef4-2314-875b-518e-aabf370704d1">
      <Execution id="2b59fa78-4f3a-42d0-a2c9-8fe438edb0c7" />
      <TestMethod codeBase="D:/Users7/Gary Hall/Development/MyMoney.Model/MyMoney.Model.Test/bin/Debug/MyMoney.Model.Test.DLL" adapterTypeName="Microsoft.VisualStudio.TestTools.TestTypes.Unit.UnitTestAdapter, Microsoft.VisualStudio.QualityTools.Tips.UnitTest.Adapter, Version=10.0.0.0, Culture=neutral, PublicKeyToken=b03f5f7f11d50a3a" className="MyMoney.Model.Test.MoneyTests, MyMoney.Model.Test, Version=1.0.0.0, Culture=neutral, PublicKeyToken=null" name="TestMoneyLessThan" />
    </UnitTest>
    <UnitTest name="TestAccountOnlyAppearsOnceInHierarchy" storage="d:\users7\gary hall\development\mymoney.model\mymoney.model.test\bin\debug\mymoney.model.test.dll" id="447f6a17-9c3f-29ed-3a8a-ed52d629683f">
      <Execution id="295e35dd-0a79-4705-8daf-e84be68e3381" />
      <TestMethod codeBase="D:/Users7/Gary Hall/Development/MyMoney.Model/MyMoney.Model.Test/bin/Debug/MyMoney.Model.Test.DLL" adapterTypeName="Microsoft.VisualStudio.TestTools.TestTypes.Unit.UnitTestAdapter, Microsoft.VisualStudio.QualityTools.Tips.UnitTest.Adapter, Version=10.0.0.0, Culture=neutral, PublicKeyToken=b03f5f7f11d50a3a" className="MyMoney.Model.Test.CompositeAccountTests, MyMoney.Model.Test, Version=1.0.0.0, Culture=neutral, PublicKeyToken=null" name="TestAccountOnlyAppearsOnceInHierarchy" />
    </UnitTest>
    <UnitTest name="TestCalculateNewBalanceWithDeposit" storage="d:\users7\gary hall\development\mymoney.model\mymoney.model.test\bin\debug\mymoney.model.test.dll" id="9a8e8d08-2ba9-5e87-0fee-e892910cdbf8">
      <Execution id="0fd24191-b256-4c18-9509-f7433b254f8b" />
      <TestMethod codeBase="D:/Users7/Gary Hall/Development/MyMoney.Model/MyMoney.Model.Test/bin/Debug/MyMoney.Model.Test.DLL" adapterTypeName="Microsoft.VisualStudio.TestTools.TestTypes.Unit.UnitTestAdapter, Microsoft.VisualStudio.QualityTools.Tips.UnitTest.Adapter, Version=10.0.0.0, Culture=neutral, PublicKeyToken=b03f5f7f11d50a3a" className="MyMoney.Model.Test.EntryTests, MyMoney.Model.Test, Version=1.0.0.0, Culture=neutral, PublicKeyToken=null" name="TestCalculateNewBalanceWithDeposit" />
    </UnitTest>
    <UnitTest name="TestAccountsWithSameNameCannotShareParent" storage="d:\users7\gary hall\development\mymoney.model\mymoney.model.test\bin\debug\mymoney.model.test.dll" id="2cf52dbe-eb7f-1137-b0bc-942374cee146">
      <Execution id="1ea99e14-b06a-4403-a341-ad08e5e11fff" />
      <TestMethod codeBase="D:/Users7/Gary Hall/Development/MyMoney.Model/MyMoney.Model.Test/bin/Debug/MyMoney.Model.Test.DLL" adapterTypeName="Microsoft.VisualStudio.TestTools.TestTypes.Unit.UnitTestAdapter, Microsoft.VisualStudio.QualityTools.Tips.UnitTest.Adapter, Version=10.0.0.0, Culture=neutral, PublicKeyToken=b03f5f7f11d50a3a" className="MyMoney.Model.Test.CompositeAccountTests, MyMoney.Model.Test, Version=1.0.0.0, Culture=neutral, PublicKeyToken=null" name="TestAccountsWithSameNameCannotShareParent" />
    </UnitTest>
    <UnitTest name="TestDecimalAddition" storage="d:\users7\gary hall\development\mymoney.model\mymoney.model.test\bin\debug\mymoney.model.test.dll" id="9b2d885b-a8a7-03c1-299f-d762e20ec0ee">
      <Execution id="ece82c02-f883-4fa7-ad4d-36e8851ad07d" />
      <TestMethod codeBase="D:/Users7/Gary Hall/Development/MyMoney.Model/MyMoney.Model.Test/bin/Debug/MyMoney.Model.Test.DLL" adapterTypeName="Microsoft.VisualStudio.TestTools.TestTypes.Unit.UnitTestAdapter, Microsoft.VisualStudio.QualityTools.Tips.UnitTest.Adapter, Version=10.0.0.0, Culture=neutral, PublicKeyToken=b03f5f7f11d50a3a" className="MyMoney.Model.Test.MoneyTests, MyMoney.Model.Test, Version=1.0.0.0, Culture=neutral, PublicKeyToken=null" name="TestDecimalAddition" />
    </UnitTest>
    <UnitTest name="TestMoneyAddition" storage="d:\users7\gary hall\development\mymoney.model\mymoney.model.test\bin\debug\mymoney.model.test.dll" id="176a39b7-5a56-778d-3917-c9942629793d">
      <Execution id="f12280e9-c4c9-4279-bcdd-079211455e98" />
      <TestMethod codeBase="D:/Users7/Gary Hall/Development/MyMoney.Model/MyMoney.Model.Test/bin/Debug/MyMoney.Model.Test.DLL" adapterTypeName="Microsoft.VisualStudio.TestTools.TestTypes.Unit.UnitTestAdapter, Microsoft.VisualStudio.QualityTools.Tips.UnitTest.Adapter, Version=10.0.0.0, Culture=neutral, PublicKeyToken=b03f5f7f11d50a3a" className="MyMoney.Model.Test.MoneyTests, MyMoney.Model.Test, Version=1.0.0.0, Culture=neutral, PublicKeyToken=null" name="TestMoneyAddition" />
    </UnitTest>
    <UnitTest name="TestMoneyInequality" storage="d:\users7\gary hall\development\mymoney.model\mymoney.model.test\bin\debug\mymoney.model.test.dll" id="8107676f-e16c-cdfd-b679-3689e4311f36">
      <Execution id="4c4e19a1-9cf4-46ea-8ac2-478be38b7d57" />
      <TestMethod codeBase="D:/Users7/Gary Hall/Development/MyMoney.Model/MyMoney.Model.Test/bin/Debug/MyMoney.Model.Test.DLL" adapterTypeName="Microsoft.VisualStudio.TestTools.TestTypes.Unit.UnitTestAdapter, Microsoft.VisualStudio.QualityTools.Tips.UnitTest.Adapter, Version=10.0.0.0, Culture=neutral, PublicKeyToken=b03f5f7f11d50a3a" className="MyMoney.Model.Test.MoneyTests, MyMoney.Model.Test, Version=1.0.0.0, Culture=neutral, PublicKeyToken=null" name="TestMoneyInequality" />
    </UnitTest>
    <UnitTest name="TestIntegerMultiplication" storage="d:\users7\gary hall\development\mymoney.model\mymoney.model.test\bin\debug\mymoney.model.test.dll" id="14c26f63-240b-e300-a8d6-f98af12ef12c">
      <Execution id="9c7e31c1-eb1a-4580-9d56-7a517570de49" />
      <TestMethod codeBase="D:/Users7/Gary Hall/Development/MyMoney.Model/MyMoney.Model.Test/bin/Debug/MyMoney.Model.Test.DLL" adapterTypeName="Microsoft.VisualStudio.TestTools.TestTypes.Unit.UnitTestAdapter, Microsoft.VisualStudio.QualityTools.Tips.UnitTest.Adapter, Version=10.0.0.0, Culture=neutral, PublicKeyToken=b03f5f7f11d50a3a" className="MyMoney.Model.Test.MoneyTests, MyMoney.Model.Test, Version=1.0.0.0, Culture=neutral, PublicKeyToken=null" name="TestIntegerMultiplication" />
    </UnitTest>
    <UnitTest name="TestMoneyLessThanOrEqualTo_WithDifferentCurrencies" storage="d:\users7\gary hall\development\mymoney.model\mymoney.model.test\bin\debug\mymoney.model.test.dll" id="871f49a1-e582-cdac-a951-441af8971063">
      <Execution id="bd8fdf44-b799-47e4-9455-13f136e838d2" />
      <TestMethod codeBase="D:/Users7/Gary Hall/Development/MyMoney.Model/MyMoney.Model.Test/bin/Debug/MyMoney.Model.Test.DLL" adapterTypeName="Microsoft.VisualStudio.TestTools.TestTypes.Unit.UnitTestAdapter, Microsoft.VisualStudio.QualityTools.Tips.UnitTest.Adapter, Version=10.0.0.0, Culture=neutral, PublicKeyToken=b03f5f7f11d50a3a" className="MyMoney.Model.Test.MoneyTests, MyMoney.Model.Test, Version=1.0.0.0, Culture=neutral, PublicKeyToken=null" name="TestMoneyLessThanOrEqualTo_WithDifferentCurrencies" />
    </UnitTest>
    <UnitTest name="TestDefaultAccountBalanceIsZero" storage="d:\users7\gary hall\development\mymoney.model\mymoney.model.test\bin\debug\mymoney.model.test.dll" id="b1659d28-b526-6c16-48de-69e9c7dcfe18">
      <Execution id="cb95d0ee-4568-41a3-b6d7-a6ac8e6b2b13" />
      <TestMethod codeBase="D:/Users7/Gary Hall/Development/MyMoney.Model/MyMoney.Model.Test/bin/Debug/MyMoney.Model.Test.DLL" adapterTypeName="Microsoft.VisualStudio.TestTools.TestTypes.Unit.UnitTestAdapter, Microsoft.VisualStudio.QualityTools.Tips.UnitTest.Adapter, Version=10.0.0.0, Culture=neutral, PublicKeyToken=b03f5f7f11d50a3a" className="MyMoney.Model.Test.LeafAccountTests, MyMoney.Model.Test, Version=1.0.0.0, Culture=neutral, PublicKeyToken=null" name="TestDefaultAccountBalanceIsZero" />
    </UnitTest>
    <UnitTest name="TestMoneyGreaterThan_WithDifferentCurrencies" storage="d:\users7\gary hall\development\mymoney.model\mymoney.model.test\bin\debug\mymoney.model.test.dll" id="199832f9-d1c4-82b4-6ea8-6f9b106eb51f">
      <Execution id="8f935227-aec1-4206-ba41-c2ca60ad3644" />
      <TestMethod codeBase="D:/Users7/Gary Hall/Development/MyMoney.Model/MyMoney.Model.Test/bin/Debug/MyMoney.Model.Test.DLL" adapterTypeName="Microsoft.VisualStudio.TestTools.TestTypes.Unit.UnitTestAdapter, Microsoft.VisualStudio.QualityTools.Tips.UnitTest.Adapter, Version=10.0.0.0, Culture=neutral, PublicKeyToken=b03f5f7f11d50a3a" className="MyMoney.Model.Test.MoneyTests, MyMoney.Model.Test, Version=1.0.0.0, Culture=neutral, PublicKeyToken=null" name="TestMoneyGreaterThan_WithDifferentCurrencies" />
    </UnitTest>
  </TestDefinitions>
  <TestLists>
    <TestList name="Results Not in a List" id="8c84fa94-04c1-424b-9868-57a2d4851a1d" />
    <TestList name="All Loaded Results" id="19431567-8539-422a-85d7-44ee4e166bda" />
  </TestLists>
  <TestEntries>
    <TestEntry testId="0df82333-8dd3-2386-4548-831092c0a100" executionId="446dad09-dd04-4448-b0f7-09098e183968" testListId="8c84fa94-04c1-424b-9868-57a2d4851a1d" />
    <TestEntry testId="0e419ff0-125a-7bf6-462b-1ac3be8e60b3" executionId="aebb2e65-c24f-4d39-99bb-0d449d0b5471" testListId="8c84fa94-04c1-424b-9868-57a2d4851a1d" />
    <TestEntry testId="14c26f63-240b-e300-a8d6-f98af12ef12c" executionId="9c7e31c1-eb1a-4580-9d56-7a517570de49" testListId="8c84fa94-04c1-424b-9868-57a2d4851a1d" />
    <TestEntry testId="176a39b7-5a56-778d-3917-c9942629793d" executionId="f12280e9-c4c9-4279-bcdd-079211455e98" testListId="8c84fa94-04c1-424b-9868-57a2d4851a1d" />
    <TestEntry testId="199832f9-d1c4-82b4-6ea8-6f9b106eb51f" executionId="8f935227-aec1-4206-ba41-c2ca60ad3644" testListId="8c84fa94-04c1-424b-9868-57a2d4851a1d" />
    <TestEntry testId="24c04acd-26f2-cbd9-bbfa-3094dab94a1b" executionId="57dc3c40-1957-497d-a748-0ae89c8bd60c" testListId="8c84fa94-04c1-424b-9868-57a2d4851a1d" />
    <TestEntry testId="28f7f648-05a2-44d1-103b-7fd5a2e1924b" executionId="b2cc5677-68e0-4700-9c36-4d33701a1428" testListId="8c84fa94-04c1-424b-9868-57a2d4851a1d" />
    <TestEntry testId="2cf52dbe-eb7f-1137-b0bc-942374cee146" executionId="1ea99e14-b06a-4403-a341-ad08e5e11fff" testListId="8c84fa94-04c1-424b-9868-57a2d4851a1d" />
    <TestEntry testId="355d3f79-faa6-4ed9-bc49-0057d3295009" executionId="2834a488-0c95-404b-bf5d-2616d7951314" testListId="8c84fa94-04c1-424b-9868-57a2d4851a1d" />
    <TestEntry testId="447f6a17-9c3f-29ed-3a8a-ed52d629683f" executionId="295e35dd-0a79-4705-8daf-e84be68e3381" testListId="8c84fa94-04c1-424b-9868-57a2d4851a1d" />
    <TestEntry testId="4846a8e9-75dc-cada-1387-c372c7702a90" executionId="115c5d13-2300-4522-ae69-9e86f921d506" testListId="8c84fa94-04c1-424b-9868-57a2d4851a1d" />
    <TestEntry testId="55d7d97b-90da-424d-f7a3-3b4d69b551e8" executionId="4b5128b1-49be-4427-a827-2a372208bb74" testListId="8c84fa94-04c1-424b-9868-57a2d4851a1d" />
    <TestEntry testId="719b99a2-ccd9-d901-c33e-c7ca5b16d735" executionId="61009748-fde6-429f-8fb0-afd09a9efe7c" testListId="8c84fa94-04c1-424b-9868-57a2d4851a1d" />
    <TestEntry testId="76663220-b66f-a344-1b95-70336a50cd79" executionId="e00bdb33-29d4-49dd-9b9e-c69aeb4265da" testListId="8c84fa94-04c1-424b-9868-57a2d4851a1d" />
    <TestEntry testId="78c91968-703b-bff5-6f93-3d07f3ffd761" executionId="c4f180d0-8cc6-421c-87ee-6a131fc8953b" testListId="8c84fa94-04c1-424b-9868-57a2d4851a1d" />
    <TestEntry testId="7de16891-0c69-f9dd-d022-02f5a9c59639" executionId="50e4c1d9-163a-4c29-ae48-fbe44a0dce09" testListId="8c84fa94-04c1-424b-9868-57a2d4851a1d" />
    <TestEntry testId="8107676f-e16c-cdfd-b679-3689e4311f36" executionId="4c4e19a1-9cf4-46ea-8ac2-478be38b7d57" testListId="8c84fa94-04c1-424b-9868-57a2d4851a1d" />
    <TestEntry testId="84331712-c27b-c50b-772b-5da9c5e5f9ca" executionId="8029093d-2b64-402f-b0ed-ed724f0ec10c" testListId="8c84fa94-04c1-424b-9868-57a2d4851a1d" />
    <TestEntry testId="871f49a1-e582-cdac-a951-441af8971063" executionId="bd8fdf44-b799-47e4-9455-13f136e838d2" testListId="8c84fa94-04c1-424b-9868-57a2d4851a1d" />
    <TestEntry testId="8dcc9c7e-1445-b321-953e-5e9ded9d51f6" executionId="4e76a5c9-e72e-4574-8a4c-17db9db172ba" testListId="8c84fa94-04c1-424b-9868-57a2d4851a1d" />
    <TestEntry testId="9a8e8d08-2ba9-5e87-0fee-e892910cdbf8" executionId="0fd24191-b256-4c18-9509-f7433b254f8b" testListId="8c84fa94-04c1-424b-9868-57a2d4851a1d" />
    <TestEntry testId="9b2d885b-a8a7-03c1-299f-d762e20ec0ee" executionId="ece82c02-f883-4fa7-ad4d-36e8851ad07d" testListId="8c84fa94-04c1-424b-9868-57a2d4851a1d" />
    <TestEntry testId="a131c1cd-5ebb-f896-bf70-e19826c2755a" executionId="2c81e3e2-d8ed-46bd-ae76-15568bed1367" testListId="8c84fa94-04c1-424b-9868-57a2d4851a1d" />
    <TestEntry testId="b1659d28-b526-6c16-48de-69e9c7dcfe18" executionId="cb95d0ee-4568-41a3-b6d7-a6ac8e6b2b13" testListId="8c84fa94-04c1-424b-9868-57a2d4851a1d" />
    <TestEntry testId="b2747cb5-7215-0a6d-5362-1b292dab29c8" executionId="82833812-5c49-4020-8db8-4e3531ab1c95" testListId="8c84fa94-04c1-424b-9868-57a2d4851a1d" />
    <TestEntry testId="c1a50ef4-2314-875b-518e-aabf370704d1" executionId="2b59fa78-4f3a-42d0-a2c9-8fe438edb0c7" testListId="8c84fa94-04c1-424b-9868-57a2d4851a1d" />
    <TestEntry testId="cf7300a1-3521-5eea-bdb6-deaacc452e6a" executionId="8b2bacb7-5add-4886-886e-6a5617a66a01" testListId="8c84fa94-04c1-424b-9868-57a2d4851a1d" />
    <TestEntry testId="e3259fc0-849f-28fd-20c2-ca89775496f9" executionId="74044b7b-4902-4492-9267-256f9076a479" testListId="8c84fa94-04c1-424b-9868-57a2d4851a1d" />
    <TestEntry testId="ec648528-7639-30f5-a594-aa50e078b4a6" executionId="72d9cfca-37c4-498c-9f7e-44f0219e73b3" testListId="8c84fa94-04c1-424b-9868-57a2d4851a1d" />
  </TestEntries>
  <Results>
    <UnitTestResult executionId="446dad09-dd04-4448-b0f7-09098e183968" testId="0df82333-8dd3-2386-4548-831092c0a100" testName="TestAccountsWithSameNameCanExistInHierarchy" computerName="GARYHALL-PC" duration="00:00:00.0174992" startTime="2010-08-13T16:36:44.5575056+01:00" endTime="2010-08-13T16:36:44.8345215+01:00" testType="13cdc9d9-ddb5-4fa4-a97d-d965ccfc6d4b" outcome="Passed" testListId="8c84fa94-04c1-424b-9868-57a2d4851a1d" relativeResultsDirectory="446dad09-dd04-4448-b0f7-09098e183968">
    </UnitTestResult>
    <UnitTestResult executionId="aebb2e65-c24f-4d39-99bb-0d449d0b5471" testId="0e419ff0-125a-7bf6-462b-1ac3be8e60b3" testName="TestMoneyLessThan_WithDifferentCurrencies" computerName="GARYHALL-PC" duration="00:00:00.0039592" startTime="2010-08-13T16:36:44.8375217+01:00" endTime="2010-08-13T16:36:44.8475222+01:00" testType="13cdc9d9-ddb5-4fa4-a97d-d965ccfc6d4b" outcome="Passed" testListId="8c84fa94-04c1-424b-9868-57a2d4851a1d" relativeResultsDirectory="aebb2e65-c24f-4d39-99bb-0d449d0b5471">
    </UnitTestResult>
    <UnitTestResult executionId="9c7e31c1-eb1a-4580-9d56-7a517570de49" testId="14c26f63-240b-e300-a8d6-f98af12ef12c" testName="TestIntegerMultiplication" computerName="GARYHALL-PC" duration="00:00:00.0019309" startTime="2010-08-13T16:36:44.8505224+01:00" endTime="2010-08-13T16:36:44.8605230+01:00" testType="13cdc9d9-ddb5-4fa4-a97d-d965ccfc6d4b" outcome="Passed" testListId="8c84fa94-04c1-424b-9868-57a2d4851a1d" relativeResultsDirectory="9c7e31c1-eb1a-4580-9d56-7a517570de49">
    </UnitTestResult>
    <UnitTestResult executionId="f12280e9-c4c9-4279-bcdd-079211455e98" testId="176a39b7-5a56-778d-3917-c9942629793d" testName="TestMoneyAddition" computerName="GARYHALL-PC" duration="00:00:00.0007598" startTime="2010-08-13T16:36:44.8625231+01:00" endTime="2010-08-13T16:36:44.8695235+01:00" testType="13cdc9d9-ddb5-4fa4-a97d-d965ccfc6d4b" outcome="Passed" testListId="8c84fa94-04c1-424b-9868-57a2d4851a1d" relativeResultsDirectory="f12280e9-c4c9-4279-bcdd-079211455e98">
    </UnitTestResult>
    <UnitTestResult executionId="8f935227-aec1-4206-ba41-c2ca60ad3644" testId="199832f9-d1c4-82b4-6ea8-6f9b106eb51f" testName="TestMoneyGreaterThan_WithDifferentCurrencies" computerName="GARYHALL-PC" duration="00:00:00.0008289" startTime="2010-08-13T16:36:44.8725237+01:00" endTime="2010-08-13T16:36:44.8795241+01:00" testType="13cdc9d9-ddb5-4fa4-a97d-d965ccfc6d4b" outcome="Passed" testListId="8c84fa94-04c1-424b-9868-57a2d4851a1d" relativeResultsDirectory="8f935227-aec1-4206-ba41-c2ca60ad3644">
    </UnitTestResult>
    <UnitTestResult executionId="57dc3c40-1957-497d-a748-0ae89c8bd60c" testId="24c04acd-26f2-cbd9-bbfa-3094dab94a1b" testName="TestMoneyLessThanOrEqualTo" computerName="GARYHALL-PC" duration="00:00:00.0005217" startTime="2010-08-13T16:36:44.8815242+01:00" endTime="2010-08-13T16:36:44.8895246+01:00" testType="13cdc9d9-ddb5-4fa4-a97d-d965ccfc6d4b" outcome="Passed" testListId="8c84fa94-04c1-424b-9868-57a2d4851a1d" relativeResultsDirectory="57dc3c40-1957-497d-a748-0ae89c8bd60c">
    </UnitTestResult>
    <UnitTestResult executionId="b2cc5677-68e0-4700-9c36-4d33701a1428" testId="28f7f648-05a2-44d1-103b-7fd5a2e1924b" testName="TestMoneyGreaterThanOrEqualTo" computerName="GARYHALL-PC" duration="00:00:00.0004637" startTime="2010-08-13T16:36:44.8935249+01:00" endTime="2010-08-13T16:36:44.8995252+01:00" testType="13cdc9d9-ddb5-4fa4-a97d-d965ccfc6d4b" outcome="Passed" testListId="8c84fa94-04c1-424b-9868-57a2d4851a1d" relativeResultsDirectory="b2cc5677-68e0-4700-9c36-4d33701a1428">
    </UnitTestResult>
    <UnitTestResult executionId="1ea99e14-b06a-4403-a341-ad08e5e11fff" testId="2cf52dbe-eb7f-1137-b0bc-942374cee146" testName="TestAccountsWithSameNameCannotShareParent" computerName="GARYHALL-PC" duration="00:00:00.0007850" startTime="2010-08-13T16:36:44.9015253+01:00" endTime="2010-08-13T16:36:44.9075257+01:00" testType="13cdc9d9-ddb5-4fa4-a97d-d965ccfc6d4b" outcome="Passed" testListId="8c84fa94-04c1-424b-9868-57a2d4851a1d" relativeResultsDirectory="1ea99e14-b06a-4403-a341-ad08e5e11fff">
    </UnitTestResult>
    <UnitTestResult executionId="2834a488-0c95-404b-bf5d-2616d7951314" testId="355d3f79-faa6-4ed9-bc49-0057d3295009" testName="TestAccountBalanceAllDeposits" computerName="GARYHALL-PC" duration="00:00:00.0023938" startTime="2010-08-13T16:36:44.9095258+01:00" endTime="2010-08-13T16:36:44.9175262+01:00" testType="13cdc9d9-ddb5-4fa4-a97d-d965ccfc6d4b" outcome="Passed" testListId="8c84fa94-04c1-424b-9868-57a2d4851a1d" relativeResultsDirectory="2834a488-0c95-404b-bf5d-2616d7951314">
    </UnitTestResult>
    <UnitTestResult executionId="295e35dd-0a79-4705-8daf-e84be68e3381" testId="447f6a17-9c3f-29ed-3a8a-ed52d629683f" testName="TestAccountOnlyAppearsOnceInHierarchy" computerName="GARYHALL-PC" duration="00:00:00.0004991" startTime="2010-08-13T16:36:44.9195263+01:00" endTime="2010-08-13T16:36:44.9245266+01:00" testType="13cdc9d9-ddb5-4fa4-a97d-d965ccfc6d4b" outcome="Passed" testListId="8c84fa94-04c1-424b-9868-57a2d4851a1d" relativeResultsDirectory="295e35dd-0a79-4705-8daf-e84be68e3381">
    </UnitTestResult>
    <UnitTestResult executionId="115c5d13-2300-4522-ae69-9e86f921d506" testId="4846a8e9-75dc-cada-1387-c372c7702a90" testName="TestRemoveAccount" computerName="GARYHALL-PC" duration="00:00:00.0007043" startTime="2010-08-13T16:36:44.9265267+01:00" endTime="2010-08-13T16:36:44.9325271+01:00" testType="13cdc9d9-ddb5-4fa4-a97d-d965ccfc6d4b" outcome="Passed" testListId="8c84fa94-04c1-424b-9868-57a2d4851a1d" relativeResultsDirectory="115c5d13-2300-4522-ae69-9e86f921d506">
    </UnitTestResult>
    <UnitTestResult executionId="4b5128b1-49be-4427-a827-2a372208bb74" testId="55d7d97b-90da-424d-f7a3-3b4d69b551e8" testName="TestIntegerDivision" computerName="GARYHALL-PC" duration="00:00:00.0004620" startTime="2010-08-13T16:36:44.9345272+01:00" endTime="2010-08-13T16:36:44.9395275+01:00" testType="13cdc9d9-ddb5-4fa4-a97d-d965ccfc6d4b" outcome="Passed" testListId="8c84fa94-04c1-424b-9868-57a2d4851a1d" relativeResultsDirectory="4b5128b1-49be-4427-a827-2a372208bb74">
    </UnitTestResult>
    <UnitTestResult executionId="61009748-fde6-429f-8fb0-afd09a9efe7c" testId="719b99a2-ccd9-d901-c33e-c7ca5b16d735" testName="TestAccountsCannotBeDirectlyCyclical" computerName="GARYHALL-PC" duration="00:00:00.0005234" startTime="2010-08-13T16:36:44.9425277+01:00" endTime="2010-08-13T16:36:44.9485280+01:00" testType="13cdc9d9-ddb5-4fa4-a97d-d965ccfc6d4b" outcome="Passed" testListId="8c84fa94-04c1-424b-9868-57a2d4851a1d" relativeResultsDirectory="61009748-fde6-429f-8fb0-afd09a9efe7c">
    </UnitTestResult>
    <UnitTestResult executionId="e00bdb33-29d4-49dd-9b9e-c69aeb4265da" testId="76663220-b66f-a344-1b95-70336a50cd79" testName="TestMoneySubtraction" computerName="GARYHALL-PC" duration="00:00:00.0005751" startTime="2010-08-13T16:36:44.9495281+01:00" endTime="2010-08-13T16:36:44.9555284+01:00" testType="13cdc9d9-ddb5-4fa4-a97d-d965ccfc6d4b" outcome="Passed" testListId="8c84fa94-04c1-424b-9868-57a2d4851a1d" relativeResultsDirectory="e00bdb33-29d4-49dd-9b9e-c69aeb4265da">
    </UnitTestResult>
    <UnitTestResult executionId="c4f180d0-8cc6-421c-87ee-6a131fc8953b" testId="78c91968-703b-bff5-6f93-3d07f3ffd761" testName="TestMoneyEquality" computerName="GARYHALL-PC" duration="00:00:00.0004991" startTime="2010-08-13T16:36:44.9575285+01:00" endTime="2010-08-13T16:36:44.9625288+01:00" testType="13cdc9d9-ddb5-4fa4-a97d-d965ccfc6d4b" outcome="Passed" testListId="8c84fa94-04c1-424b-9868-57a2d4851a1d" relativeResultsDirectory="c4f180d0-8cc6-421c-87ee-6a131fc8953b">
    </UnitTestResult>
    <UnitTestResult executionId="50e4c1d9-163a-4c29-ae48-fbe44a0dce09" testId="7de16891-0c69-f9dd-d022-02f5a9c59639" testName="TestMoneySubtraction_WithDifferentCurrencies" computerName="GARYHALL-PC" duration="00:00:00.0003297" startTime="2010-08-13T16:36:44.9645289+01:00" endTime="2010-08-13T16:36:44.9695292+01:00" testType="13cdc9d9-ddb5-4fa4-a97d-d965ccfc6d4b" outcome="Passed" testListId="8c84fa94-04c1-424b-9868-57a2d4851a1d" relativeResultsDirectory="50e4c1d9-163a-4c29-ae48-fbe44a0dce09">
    </UnitTestResult>
    <UnitTestResult executionId="4c4e19a1-9cf4-46ea-8ac2-478be38b7d57" testId="8107676f-e16c-cdfd-b679-3689e4311f36" testName="TestMoneyInequality" computerName="GARYHALL-PC" duration="00:00:00.0003852" startTime="2010-08-13T16:36:44.9715293+01:00" endTime="2010-08-13T16:36:44.9765296+01:00" testType="13cdc9d9-ddb5-4fa4-a97d-d965ccfc6d4b" outcome="Passed" testListId="8c84fa94-04c1-424b-9868-57a2d4851a1d" relativeResultsDirectory="4c4e19a1-9cf4-46ea-8ac2-478be38b7d57">
    </UnitTestResult>
    <UnitTestResult executionId="8029093d-2b64-402f-b0ed-ed724f0ec10c" testId="84331712-c27b-c50b-772b-5da9c5e5f9ca" testName="TestAccountsCannotBeIndirectlyCyclical" computerName="GARYHALL-PC" duration="00:00:00.0005414" startTime="2010-08-13T16:36:44.9785297+01:00" endTime="2010-08-13T16:36:44.9845301+01:00" testType="13cdc9d9-ddb5-4fa4-a97d-d965ccfc6d4b" outcome="Passed" testListId="8c84fa94-04c1-424b-9868-57a2d4851a1d" relativeResultsDirectory="8029093d-2b64-402f-b0ed-ed724f0ec10c">
    </UnitTestResult>
    <UnitTestResult executionId="bd8fdf44-b799-47e4-9455-13f136e838d2" testId="871f49a1-e582-cdac-a951-441af8971063" testName="TestMoneyLessThanOrEqualTo_WithDifferentCurrencies" computerName="GARYHALL-PC" duration="00:00:00.0007461" startTime="2010-08-13T16:36:44.9865302+01:00" endTime="2010-08-13T16:36:44.9915305+01:00" testType="13cdc9d9-ddb5-4fa4-a97d-d965ccfc6d4b" outcome="Passed" testListId="8c84fa94-04c1-424b-9868-57a2d4851a1d" relativeResultsDirectory="bd8fdf44-b799-47e4-9455-13f136e838d2">
    </UnitTestResult>
    <UnitTestResult executionId="4e76a5c9-e72e-4574-8a4c-17db9db172ba" testId="8dcc9c7e-1445-b321-953e-5e9ded9d51f6" testName="TestMoneyAddition_WithDifferentCurrencies" computerName="GARYHALL-PC" duration="00:00:00.0003391" startTime="2010-08-13T16:36:44.9935306+01:00" endTime="2010-08-13T16:36:44.9995309+01:00" testType="13cdc9d9-ddb5-4fa4-a97d-d965ccfc6d4b" outcome="Passed" testListId="8c84fa94-04c1-424b-9868-57a2d4851a1d" relativeResultsDirectory="4e76a5c9-e72e-4574-8a4c-17db9db172ba">
    </UnitTestResult>
    <UnitTestResult executionId="0fd24191-b256-4c18-9509-f7433b254f8b" testId="9a8e8d08-2ba9-5e87-0fee-e892910cdbf8" testName="TestCalculateNewBalanceWithDeposit" computerName="GARYHALL-PC" duration="00:00:00.0004287" startTime="2010-08-13T16:36:45.0015310+01:00" endTime="2010-08-13T16:36:45.0065313+01:00" testType="13cdc9d9-ddb5-4fa4-a97d-d965ccfc6d4b" outcome="Passed" testListId="8c84fa94-04c1-424b-9868-57a2d4851a1d" relativeResultsDirectory="0fd24191-b256-4c18-9509-f7433b254f8b">
    </UnitTestResult>
    <UnitTestResult executionId="ece82c02-f883-4fa7-ad4d-36e8851ad07d" testId="9b2d885b-a8a7-03c1-299f-d762e20ec0ee" testName="TestDecimalAddition" computerName="GARYHALL-PC" duration="00:00:00.0004292" startTime="2010-08-13T16:36:45.0085314+01:00" endTime="2010-08-13T16:36:45.0145318+01:00" testType="13cdc9d9-ddb5-4fa4-a97d-d965ccfc6d4b" outcome="Passed" testListId="8c84fa94-04c1-424b-9868-57a2d4851a1d" relativeResultsDirectory="ece82c02-f883-4fa7-ad4d-36e8851ad07d">
    </UnitTestResult>
    <UnitTestResult executionId="2c81e3e2-d8ed-46bd-ae76-15568bed1367" testId="a131c1cd-5ebb-f896-bf70-e19826c2755a" testName="TestMoneyGreaterThan" computerName="GARYHALL-PC" duration="00:00:00.0003016" startTime="2010-08-13T16:36:45.0175320+01:00" endTime="2010-08-13T16:36:45.0225322+01:00" testType="13cdc9d9-ddb5-4fa4-a97d-d965ccfc6d4b" outcome="Passed" testListId="8c84fa94-04c1-424b-9868-57a2d4851a1d" relativeResultsDirectory="2c81e3e2-d8ed-46bd-ae76-15568bed1367">
    </UnitTestResult>
    <UnitTestResult executionId="cb95d0ee-4568-41a3-b6d7-a6ac8e6b2b13" testId="b1659d28-b526-6c16-48de-69e9c7dcfe18" testName="TestDefaultAccountBalanceIsZero" computerName="GARYHALL-PC" duration="00:00:00.0002427" startTime="2010-08-13T16:36:45.0255324+01:00" endTime="2010-08-13T16:36:45.0295326+01:00" testType="13cdc9d9-ddb5-4fa4-a97d-d965ccfc6d4b" outcome="Passed" testListId="8c84fa94-04c1-424b-9868-57a2d4851a1d" relativeResultsDirectory="cb95d0ee-4568-41a3-b6d7-a6ac8e6b2b13">
    </UnitTestResult>
    <UnitTestResult executionId="82833812-5c49-4020-8db8-4e3531ab1c95" testId="b2747cb5-7215-0a6d-5362-1b292dab29c8" testName="TestAddAccount" computerName="GARYHALL-PC" duration="00:00:00.0004492" startTime="2010-08-13T16:36:45.0315328+01:00" endTime="2010-08-13T16:36:45.0375331+01:00" testType="13cdc9d9-ddb5-4fa4-a97d-d965ccfc6d4b" outcome="Passed" testListId="8c84fa94-04c1-424b-9868-57a2d4851a1d" relativeResultsDirectory="82833812-5c49-4020-8db8-4e3531ab1c95">
    </UnitTestResult>
    <UnitTestResult executionId="2b59fa78-4f3a-42d0-a2c9-8fe438edb0c7" testId="c1a50ef4-2314-875b-518e-aabf370704d1" testName="TestMoneyLessThan" computerName="GARYHALL-PC" duration="00:00:00.0002922" startTime="2010-08-13T16:36:45.0395332+01:00" endTime="2010-08-13T16:36:45.0455336+01:00" testType="13cdc9d9-ddb5-4fa4-a97d-d965ccfc6d4b" outcome="Passed" testListId="8c84fa94-04c1-424b-9868-57a2d4851a1d" relativeResultsDirectory="2b59fa78-4f3a-42d0-a2c9-8fe438edb0c7">
    </UnitTestResult>
    <UnitTestResult executionId="8b2bacb7-5add-4886-886e-6a5617a66a01" testId="cf7300a1-3521-5eea-bdb6-deaacc452e6a" testName="TestCalculateNewBalanceWithWithdrawal" computerName="GARYHALL-PC" duration="00:00:00.0004428" startTime="2010-08-13T16:36:45.0485337+01:00" endTime="2010-08-13T16:36:45.0545341+01:00" testType="13cdc9d9-ddb5-4fa4-a97d-d965ccfc6d4b" outcome="Passed" testListId="8c84fa94-04c1-424b-9868-57a2d4851a1d" relativeResultsDirectory="8b2bacb7-5add-4886-886e-6a5617a66a01">
    </UnitTestResult>
    <UnitTestResult executionId="74044b7b-4902-4492-9267-256f9076a479" testId="e3259fc0-849f-28fd-20c2-ca89775496f9" testName="TestMoneyGreaterThanOrEqualTo_WithDifferentCurrencies" computerName="GARYHALL-PC" duration="00:00:00.0007048" startTime="2010-08-13T16:36:45.0565342+01:00" endTime="2010-08-13T16:36:45.0645346+01:00" testType="13cdc9d9-ddb5-4fa4-a97d-d965ccfc6d4b" outcome="Passed" testListId="8c84fa94-04c1-424b-9868-57a2d4851a1d" relativeResultsDirectory="74044b7b-4902-4492-9267-256f9076a479">
    </UnitTestResult>
    <UnitTestResult executionId="72d9cfca-37c4-498c-9f7e-44f0219e73b3" testId="ec648528-7639-30f5-a594-aa50e078b4a6" testName="TestDecimalSubtraction" computerName="GARYHALL-PC" duration="00:00:00.0005153" startTime="2010-08-13T16:36:45.0665348+01:00" endTime="2010-08-13T16:36:45.0725351+01:00" testType="13cdc9d9-ddb5-4fa4-a97d-d965ccfc6d4b" outcome="Passed" testListId="8c84fa94-04c1-424b-9868-57a2d4851a1d" relativeResultsDirectory="72d9cfca-37c4-498c-9f7e-44f0219e73b3">
    </UnitTestResult>
  </Results>
</TestRun>