<?xml version="1.0" encoding="UTF-8"?>
<TestRun id="9dc6d38b-cbf2-4d2d-a43a-83b9cc83f232" name="Gary Hall@GARYHALL-LAPPY 2011-01-11 20:47:30" runUser="GaryHall-Lappy\Gary Hall" xmlns="http://microsoft.com/schemas/VisualStudio/TeamTest/2010">
  <TestSettings name="Local" id="e533ef08-9b5d-45f9-9cf4-b65cf17f0508">
    <Description>These are default test settings for a local test run.</Description>
    <Deployment enabled="false" runDeploymentRoot="Gary Hall_GARYHALL-LAPPY 2011-01-11 20_47_30">
      <DeploymentItem filename="C:\Users\Gary Hall\Documents\Books\Pro WPF and Silverlight MVVM\Code\MyMoney\MyMoney.Model\bin\Debug\MyMoney.Model.dll" />
      <DeploymentItem filename="C:\Users\Gary Hall\Documents\Books\Pro WPF and Silverlight MVVM\Code\MyMoney\MyMoney.ViewModel\bin\Debug\MyMoney.ViewModel.dll" />
    </Deployment>
    <Execution>
      <TestTypeSpecific />
      <AgentRule name="Execution Agents">
      </AgentRule>
    </Execution>
  </TestSettings>
  <Times creation="2011-01-11T20:47:30.7292217+00:00" queuing="2011-01-11T20:47:37.9344982+00:00" start="2011-01-11T20:47:38.3065117+00:00" finish="2011-01-11T20:47:42.0427042+00:00" />
  <ResultSummary outcome="Completed">
    <Counters total="37" executed="37" passed="37" error="0" failed="0" timeout="0" aborted="0" inconclusive="0" passedButRunAborted="0" notRunnable="0" notExecuted="0" disconnected="0" warning="0" completed="0" inProgress="0" pending="0" />
  </ResultSummary>
  <TestDefinitions>
    <UnitTest name="TestAccountsCannotBeDirectlyCyclical" storage="c:\users\gary hall\documents\books\pro wpf and silverlight mvvm\code\mymoney\mymoney.model.test\bin\debug\mymoney.model.test.dll" id="719b99a2-ccd9-d901-c33e-c7ca5b16d735">
      <Execution id="87e94356-0d59-4988-841f-561b451a34cd" />
      <TestMethod codeBase="C:/Users/Gary Hall/Documents/Books/Pro WPF and Silverlight MVVM/Code/MyMoney/MyMoney.Model.Test/bin/Debug/MyMoney.Model.Test.DLL" adapterTypeName="Microsoft.VisualStudio.TestTools.TestTypes.Unit.UnitTestAdapter, Microsoft.VisualStudio.QualityTools.Tips.UnitTest.Adapter, Version=10.0.0.0, Culture=neutral, PublicKeyToken=b03f5f7f11d50a3a" className="MyMoney.Model.Test.CompositeAccountTests, MyMoney.Model.Test, Version=1.0.0.0, Culture=neutral, PublicKeyToken=null" name="TestAccountsCannotBeDirectlyCyclical" />
    </UnitTest>
    <UnitTest name="TestMoneyGreaterThan" storage="c:\users\gary hall\documents\books\pro wpf and silverlight mvvm\code\mymoney\mymoney.model.test\bin\debug\mymoney.model.test.dll" id="a131c1cd-5ebb-f896-bf70-e19826c2755a">
      <Execution id="2a05708c-74e2-441e-9ed4-b377e59dfdd0" />
      <TestMethod codeBase="C:/Users/Gary Hall/Documents/Books/Pro WPF and Silverlight MVVM/Code/MyMoney/MyMoney.Model.Test/bin/Debug/MyMoney.Model.Test.DLL" adapterTypeName="Microsoft.VisualStudio.TestTools.TestTypes.Unit.UnitTestAdapter, Microsoft.VisualStudio.QualityTools.Tips.UnitTest.Adapter, Version=10.0.0.0, Culture=neutral, PublicKeyToken=b03f5f7f11d50a3a" className="MyMoney.Model.Test.MoneyTests, MyMoney.Model.Test, Version=1.0.0.0, Culture=neutral, PublicKeyToken=null" name="TestMoneyGreaterThan" />
    </UnitTest>
    <UnitTest name="TestDecimalSubtraction" storage="c:\users\gary hall\documents\books\pro wpf and silverlight mvvm\code\mymoney\mymoney.model.test\bin\debug\mymoney.model.test.dll" id="ec648528-7639-30f5-a594-aa50e078b4a6">
      <Execution id="94e0d157-e2ec-441c-ba6c-e54d9a51984e" />
      <TestMethod codeBase="C:/Users/Gary Hall/Documents/Books/Pro WPF and Silverlight MVVM/Code/MyMoney/MyMoney.Model.Test/bin/Debug/MyMoney.Model.Test.DLL" adapterTypeName="Microsoft.VisualStudio.TestTools.TestTypes.Unit.UnitTestAdapter, Microsoft.VisualStudio.QualityTools.Tips.UnitTest.Adapter, Version=10.0.0.0, Culture=neutral, PublicKeyToken=b03f5f7f11d50a3a" className="MyMoney.Model.Test.MoneyTests, MyMoney.Model.Test, Version=1.0.0.0, Culture=neutral, PublicKeyToken=null" name="TestDecimalSubtraction" />
    </UnitTest>
    <UnitTest name="TestSimpleGBPAmount" storage="c:\users\gary hall\documents\books\pro wpf and silverlight mvvm\code\mymoney\mymoney.viewmodel.test\bin\debug\mymoney.viewmodel.test.dll" id="c573a8cc-b339-9d86-475e-c296c732a297">
      <Execution id="be10db75-2492-420a-b3d7-2913277117ad" />
      <TestMethod codeBase="C:/Users/Gary Hall/Documents/Books/Pro WPF and Silverlight MVVM/Code/MyMoney/MyMoney.ViewModel.Test/bin/Debug/MyMoney.ViewModel.Test.DLL" adapterTypeName="Microsoft.VisualStudio.TestTools.TestTypes.Unit.UnitTestAdapter, Microsoft.VisualStudio.QualityTools.Tips.UnitTest.Adapter, Version=10.0.0.0, Culture=neutral, PublicKeyToken=b03f5f7f11d50a3a" className="MyMoney.ViewModel.Test.MoneyViewModelTest, MyMoney.ViewModel.Test, Version=1.0.0.0, Culture=neutral, PublicKeyToken=null" name="TestSimpleGBPAmount" />
    </UnitTest>
    <UnitTest name="TestNetWorth" storage="c:\users\gary hall\documents\books\pro wpf and silverlight mvvm\code\mymoney\mymoney.model.test\bin\debug\mymoney.model.test.dll" id="1fcf22cd-f54d-e1e6-fd31-6cfb148ed886">
      <Execution id="006da8ad-cd8e-4d4d-9a1a-a3c068e2f39a" />
      <TestMethod codeBase="C:/Users/Gary Hall/Documents/Books/Pro WPF and Silverlight MVVM/Code/MyMoney/MyMoney.Model.Test/bin/Debug/MyMoney.Model.Test.DLL" adapterTypeName="Microsoft.VisualStudio.TestTools.TestTypes.Unit.UnitTestAdapter, Microsoft.VisualStudio.QualityTools.Tips.UnitTest.Adapter, Version=10.0.0.0, Culture=neutral, PublicKeyToken=b03f5f7f11d50a3a" className="MyMoney.Model.Test.PersonTests, MyMoney.Model.Test, Version=1.0.0.0, Culture=neutral, PublicKeyToken=null" name="TestNetWorth" />
    </UnitTest>
    <UnitTest name="TestMoneyLessThan_WithDifferentCurrencies" storage="c:\users\gary hall\documents\books\pro wpf and silverlight mvvm\code\mymoney\mymoney.model.test\bin\debug\mymoney.model.test.dll" id="0e419ff0-125a-7bf6-462b-1ac3be8e60b3">
      <Execution id="cd9ac744-55c0-45cc-80e7-8872ea092aab" />
      <TestMethod codeBase="C:/Users/Gary Hall/Documents/Books/Pro WPF and Silverlight MVVM/Code/MyMoney/MyMoney.Model.Test/bin/Debug/MyMoney.Model.Test.DLL" adapterTypeName="Microsoft.VisualStudio.TestTools.TestTypes.Unit.UnitTestAdapter, Microsoft.VisualStudio.QualityTools.Tips.UnitTest.Adapter, Version=10.0.0.0, Culture=neutral, PublicKeyToken=b03f5f7f11d50a3a" className="MyMoney.Model.Test.MoneyTests, MyMoney.Model.Test, Version=1.0.0.0, Culture=neutral, PublicKeyToken=null" name="TestMoneyLessThan_WithDifferentCurrencies" />
    </UnitTest>
    <UnitTest name="TestMoneySubtraction" storage="c:\users\gary hall\documents\books\pro wpf and silverlight mvvm\code\mymoney\mymoney.model.test\bin\debug\mymoney.model.test.dll" id="76663220-b66f-a344-1b95-70336a50cd79">
      <Execution id="de8972b0-8a20-4fc0-afa3-56c41e0ff5fc" />
      <TestMethod codeBase="C:/Users/Gary Hall/Documents/Books/Pro WPF and Silverlight MVVM/Code/MyMoney/MyMoney.Model.Test/bin/Debug/MyMoney.Model.Test.DLL" adapterTypeName="Microsoft.VisualStudio.TestTools.TestTypes.Unit.UnitTestAdapter, Microsoft.VisualStudio.QualityTools.Tips.UnitTest.Adapter, Version=10.0.0.0, Culture=neutral, PublicKeyToken=b03f5f7f11d50a3a" className="MyMoney.Model.Test.MoneyTests, MyMoney.Model.Test, Version=1.0.0.0, Culture=neutral, PublicKeyToken=null" name="TestMoneySubtraction" />
    </UnitTest>
    <UnitTest name="TestRemoveAccount" storage="c:\users\gary hall\documents\books\pro wpf and silverlight mvvm\code\mymoney\mymoney.model.test\bin\debug\mymoney.model.test.dll" id="4846a8e9-75dc-cada-1387-c372c7702a90">
      <Execution id="b811e9b8-ea43-4a29-b70a-a0faf03292fd" />
      <TestMethod codeBase="C:/Users/Gary Hall/Documents/Books/Pro WPF and Silverlight MVVM/Code/MyMoney/MyMoney.Model.Test/bin/Debug/MyMoney.Model.Test.DLL" adapterTypeName="Microsoft.VisualStudio.TestTools.TestTypes.Unit.UnitTestAdapter, Microsoft.VisualStudio.QualityTools.Tips.UnitTest.Adapter, Version=10.0.0.0, Culture=neutral, PublicKeyToken=b03f5f7f11d50a3a" className="MyMoney.Model.Test.CompositeAccountTests, MyMoney.Model.Test, Version=1.0.0.0, Culture=neutral, PublicKeyToken=null" name="TestRemoveAccount" />
    </UnitTest>
    <UnitTest name="TestNegativeGBPAmount" storage="c:\users\gary hall\documents\books\pro wpf and silverlight mvvm\code\mymoney\mymoney.viewmodel.test\bin\debug\mymoney.viewmodel.test.dll" id="7525f8c9-a9cc-ce6e-158a-8531bc3dff4c">
      <Execution id="3656f7e8-ff46-4dc1-98b7-0787fe617a20" />
      <TestMethod codeBase="C:/Users/Gary Hall/Documents/Books/Pro WPF and Silverlight MVVM/Code/MyMoney/MyMoney.ViewModel.Test/bin/Debug/MyMoney.ViewModel.Test.DLL" adapterTypeName="Microsoft.VisualStudio.TestTools.TestTypes.Unit.UnitTestAdapter, Microsoft.VisualStudio.QualityTools.Tips.UnitTest.Adapter, Version=10.0.0.0, Culture=neutral, PublicKeyToken=b03f5f7f11d50a3a" className="MyMoney.ViewModel.Test.MoneyViewModelTest, MyMoney.ViewModel.Test, Version=1.0.0.0, Culture=neutral, PublicKeyToken=null" name="TestNegativeGBPAmount" />
    </UnitTest>
    <UnitTest name="TestAccountBalanceAllDeposits" storage="c:\users\gary hall\documents\books\pro wpf and silverlight mvvm\code\mymoney\mymoney.model.test\bin\debug\mymoney.model.test.dll" id="355d3f79-faa6-4ed9-bc49-0057d3295009">
      <Execution id="55479ba7-86f6-4821-adce-d46ff7e7374c" />
      <TestMethod codeBase="C:/Users/Gary Hall/Documents/Books/Pro WPF and Silverlight MVVM/Code/MyMoney/MyMoney.Model.Test/bin/Debug/MyMoney.Model.Test.DLL" adapterTypeName="Microsoft.VisualStudio.TestTools.TestTypes.Unit.UnitTestAdapter, Microsoft.VisualStudio.QualityTools.Tips.UnitTest.Adapter, Version=10.0.0.0, Culture=neutral, PublicKeyToken=b03f5f7f11d50a3a" className="MyMoney.Model.Test.LeafAccountTests, MyMoney.Model.Test, Version=1.0.0.0, Culture=neutral, PublicKeyToken=null" name="TestAccountBalanceAllDeposits" />
    </UnitTest>
    <UnitTest name="TestMoneyEquality" storage="c:\users\gary hall\documents\books\pro wpf and silverlight mvvm\code\mymoney\mymoney.model.test\bin\debug\mymoney.model.test.dll" id="78c91968-703b-bff5-6f93-3d07f3ffd761">
      <Execution id="90842595-ac3b-4f02-a363-314d05da26bd" />
      <TestMethod codeBase="C:/Users/Gary Hall/Documents/Books/Pro WPF and Silverlight MVVM/Code/MyMoney/MyMoney.Model.Test/bin/Debug/MyMoney.Model.Test.DLL" adapterTypeName="Microsoft.VisualStudio.TestTools.TestTypes.Unit.UnitTestAdapter, Microsoft.VisualStudio.QualityTools.Tips.UnitTest.Adapter, Version=10.0.0.0, Culture=neutral, PublicKeyToken=b03f5f7f11d50a3a" className="MyMoney.Model.Test.MoneyTests, MyMoney.Model.Test, Version=1.0.0.0, Culture=neutral, PublicKeyToken=null" name="TestMoneyEquality" />
    </UnitTest>
    <UnitTest name="TestIntegerDivision" storage="c:\users\gary hall\documents\books\pro wpf and silverlight mvvm\code\mymoney\mymoney.model.test\bin\debug\mymoney.model.test.dll" id="55d7d97b-90da-424d-f7a3-3b4d69b551e8">
      <Execution id="ce4bd023-4573-4b16-9b5e-3b0049f3ffdd" />
      <TestMethod codeBase="C:/Users/Gary Hall/Documents/Books/Pro WPF and Silverlight MVVM/Code/MyMoney/MyMoney.Model.Test/bin/Debug/MyMoney.Model.Test.DLL" adapterTypeName="Microsoft.VisualStudio.TestTools.TestTypes.Unit.UnitTestAdapter, Microsoft.VisualStudio.QualityTools.Tips.UnitTest.Adapter, Version=10.0.0.0, Culture=neutral, PublicKeyToken=b03f5f7f11d50a3a" className="MyMoney.Model.Test.MoneyTests, MyMoney.Model.Test, Version=1.0.0.0, Culture=neutral, PublicKeyToken=null" name="TestIntegerDivision" />
    </UnitTest>
    <UnitTest name="TestAccountsWithSameNameCanExistInHierarchy" storage="c:\users\gary hall\documents\books\pro wpf and silverlight mvvm\code\mymoney\mymoney.model.test\bin\debug\mymoney.model.test.dll" id="0df82333-8dd3-2386-4548-831092c0a100">
      <Execution id="3d124a93-0b67-4f9b-8d66-ffb578948ecf" />
      <TestMethod codeBase="C:/Users/Gary Hall/Documents/Books/Pro WPF and Silverlight MVVM/Code/MyMoney/MyMoney.Model.Test/bin/Debug/MyMoney.Model.Test.DLL" adapterTypeName="Microsoft.VisualStudio.TestTools.TestTypes.Unit.UnitTestAdapter, Microsoft.VisualStudio.QualityTools.Tips.UnitTest.Adapter, Version=10.0.0.0, Culture=neutral, PublicKeyToken=b03f5f7f11d50a3a" className="MyMoney.Model.Test.CompositeAccountTests, MyMoney.Model.Test, Version=1.0.0.0, Culture=neutral, PublicKeyToken=null" name="TestAccountsWithSameNameCanExistInHierarchy" />
    </UnitTest>
    <UnitTest name="TestMoneyGreaterThanOrEqualTo" storage="c:\users\gary hall\documents\books\pro wpf and silverlight mvvm\code\mymoney\mymoney.model.test\bin\debug\mymoney.model.test.dll" id="28f7f648-05a2-44d1-103b-7fd5a2e1924b">
      <Execution id="92aed229-b4c0-4f87-807b-f310282775ea" />
      <TestMethod codeBase="C:/Users/Gary Hall/Documents/Books/Pro WPF and Silverlight MVVM/Code/MyMoney/MyMoney.Model.Test/bin/Debug/MyMoney.Model.Test.DLL" adapterTypeName="Microsoft.VisualStudio.TestTools.TestTypes.Unit.UnitTestAdapter, Microsoft.VisualStudio.QualityTools.Tips.UnitTest.Adapter, Version=10.0.0.0, Culture=neutral, PublicKeyToken=b03f5f7f11d50a3a" className="MyMoney.Model.Test.MoneyTests, MyMoney.Model.Test, Version=1.0.0.0, Culture=neutral, PublicKeyToken=null" name="TestMoneyGreaterThanOrEqualTo" />
    </UnitTest>
    <UnitTest name="ItShouldDelegateToThePersonForTheNetWorth" storage="c:\users\gary hall\documents\books\pro wpf and silverlight mvvm\code\mymoney\mymoney.viewmodel.test\bin\debug\mymoney.viewmodel.test.dll" id="7b376514-6f80-ca16-fb57-fb767aea817f">
      <Execution id="8e99319e-2de2-4235-becc-a24f76957b24" />
      <TestMethod codeBase="C:/Users/Gary Hall/Documents/Books/Pro WPF and Silverlight MVVM/Code/MyMoney/MyMoney.ViewModel.Test/bin/Debug/MyMoney.ViewModel.Test.DLL" adapterTypeName="Microsoft.VisualStudio.TestTools.TestTypes.Unit.UnitTestAdapter, Microsoft.VisualStudio.QualityTools.Tips.UnitTest.Adapter, Version=10.0.0.0, Culture=neutral, PublicKeyToken=b03f5f7f11d50a3a" className="MyMoney.ViewModel.Test.MainWindowViewModelTests, MyMoney.ViewModel.Test, Version=1.0.0.0, Culture=neutral, PublicKeyToken=null" name="ItShouldDelegateToThePersonForTheNetWorth" />
    </UnitTest>
    <UnitTest name="TestMoneyAddition_WithDifferentCurrencies" storage="c:\users\gary hall\documents\books\pro wpf and silverlight mvvm\code\mymoney\mymoney.model.test\bin\debug\mymoney.model.test.dll" id="8dcc9c7e-1445-b321-953e-5e9ded9d51f6">
      <Execution id="3f39b626-f508-4f65-8b29-2e7dcad0fcf7" />
      <TestMethod codeBase="C:/Users/Gary Hall/Documents/Books/Pro WPF and Silverlight MVVM/Code/MyMoney/MyMoney.Model.Test/bin/Debug/MyMoney.Model.Test.DLL" adapterTypeName="Microsoft.VisualStudio.TestTools.TestTypes.Unit.UnitTestAdapter, Microsoft.VisualStudio.QualityTools.Tips.UnitTest.Adapter, Version=10.0.0.0, Culture=neutral, PublicKeyToken=b03f5f7f11d50a3a" className="MyMoney.Model.Test.MoneyTests, MyMoney.Model.Test, Version=1.0.0.0, Culture=neutral, PublicKeyToken=null" name="TestMoneyAddition_WithDifferentCurrencies" />
    </UnitTest>
    <UnitTest name="TestAccountsCannotBeIndirectlyCyclical" storage="c:\users\gary hall\documents\books\pro wpf and silverlight mvvm\code\mymoney\mymoney.model.test\bin\debug\mymoney.model.test.dll" id="84331712-c27b-c50b-772b-5da9c5e5f9ca">
      <Execution id="3090e8f1-20bb-42e9-8872-6f4666a632d8" />
      <TestMethod codeBase="C:/Users/Gary Hall/Documents/Books/Pro WPF and Silverlight MVVM/Code/MyMoney/MyMoney.Model.Test/bin/Debug/MyMoney.Model.Test.DLL" adapterTypeName="Microsoft.VisualStudio.TestTools.TestTypes.Unit.UnitTestAdapter, Microsoft.VisualStudio.QualityTools.Tips.UnitTest.Adapter, Version=10.0.0.0, Culture=neutral, PublicKeyToken=b03f5f7f11d50a3a" className="MyMoney.Model.Test.CompositeAccountTests, MyMoney.Model.Test, Version=1.0.0.0, Culture=neutral, PublicKeyToken=null" name="TestAccountsCannotBeIndirectlyCyclical" />
    </UnitTest>
    <UnitTest name="TestMoneyGreaterThanOrEqualTo_WithDifferentCurrencies" storage="c:\users\gary hall\documents\books\pro wpf and silverlight mvvm\code\mymoney\mymoney.model.test\bin\debug\mymoney.model.test.dll" id="e3259fc0-849f-28fd-20c2-ca89775496f9">
      <Execution id="8725ec99-aa01-4545-aae5-3499d996b979" />
      <TestMethod codeBase="C:/Users/Gary Hall/Documents/Books/Pro WPF and Silverlight MVVM/Code/MyMoney/MyMoney.Model.Test/bin/Debug/MyMoney.Model.Test.DLL" adapterTypeName="Microsoft.VisualStudio.TestTools.TestTypes.Unit.UnitTestAdapter, Microsoft.VisualStudio.QualityTools.Tips.UnitTest.Adapter, Version=10.0.0.0, Culture=neutral, PublicKeyToken=b03f5f7f11d50a3a" className="MyMoney.Model.Test.MoneyTests, MyMoney.Model.Test, Version=1.0.0.0, Culture=neutral, PublicKeyToken=null" name="TestMoneyGreaterThanOrEqualTo_WithDifferentCurrencies" />
    </UnitTest>
    <UnitTest name="TestMoneySubtraction_WithDifferentCurrencies" storage="c:\users\gary hall\documents\books\pro wpf and silverlight mvvm\code\mymoney\mymoney.model.test\bin\debug\mymoney.model.test.dll" id="7de16891-0c69-f9dd-d022-02f5a9c59639">
      <Execution id="16a23823-e588-4593-8561-17d7b16852bc" />
      <TestMethod codeBase="C:/Users/Gary Hall/Documents/Books/Pro WPF and Silverlight MVVM/Code/MyMoney/MyMoney.Model.Test/bin/Debug/MyMoney.Model.Test.DLL" adapterTypeName="Microsoft.VisualStudio.TestTools.TestTypes.Unit.UnitTestAdapter, Microsoft.VisualStudio.QualityTools.Tips.UnitTest.Adapter, Version=10.0.0.0, Culture=neutral, PublicKeyToken=b03f5f7f11d50a3a" className="MyMoney.Model.Test.MoneyTests, MyMoney.Model.Test, Version=1.0.0.0, Culture=neutral, PublicKeyToken=null" name="TestMoneySubtraction_WithDifferentCurrencies" />
    </UnitTest>
    <UnitTest name="TestMoneyLessThanOrEqualTo" storage="c:\users\gary hall\documents\books\pro wpf and silverlight mvvm\code\mymoney\mymoney.model.test\bin\debug\mymoney.model.test.dll" id="24c04acd-26f2-cbd9-bbfa-3094dab94a1b">
      <Execution id="51b92024-7c19-49cf-b3e4-d2ab02b2ce8d" />
      <TestMethod codeBase="C:/Users/Gary Hall/Documents/Books/Pro WPF and Silverlight MVVM/Code/MyMoney/MyMoney.Model.Test/bin/Debug/MyMoney.Model.Test.DLL" adapterTypeName="Microsoft.VisualStudio.TestTools.TestTypes.Unit.UnitTestAdapter, Microsoft.VisualStudio.QualityTools.Tips.UnitTest.Adapter, Version=10.0.0.0, Culture=neutral, PublicKeyToken=b03f5f7f11d50a3a" className="MyMoney.Model.Test.MoneyTests, MyMoney.Model.Test, Version=1.0.0.0, Culture=neutral, PublicKeyToken=null" name="TestMoneyLessThanOrEqualTo" />
    </UnitTest>
    <UnitTest name="TestNegativeUSDAmount" storage="c:\users\gary hall\documents\books\pro wpf and silverlight mvvm\code\mymoney\mymoney.viewmodel.test\bin\debug\mymoney.viewmodel.test.dll" id="52dd4129-b1ee-c209-25fe-1e84cf03a0b4">
      <Execution id="5d0d396a-336d-4cea-b957-d7fc98e3b322" />
      <TestMethod codeBase="C:/Users/Gary Hall/Documents/Books/Pro WPF and Silverlight MVVM/Code/MyMoney/MyMoney.ViewModel.Test/bin/Debug/MyMoney.ViewModel.Test.DLL" adapterTypeName="Microsoft.VisualStudio.TestTools.TestTypes.Unit.UnitTestAdapter, Microsoft.VisualStudio.QualityTools.Tips.UnitTest.Adapter, Version=10.0.0.0, Culture=neutral, PublicKeyToken=b03f5f7f11d50a3a" className="MyMoney.ViewModel.Test.MoneyViewModelTest, MyMoney.ViewModel.Test, Version=1.0.0.0, Culture=neutral, PublicKeyToken=null" name="TestNegativeUSDAmount" />
    </UnitTest>
    <UnitTest name="TestRemoveAccount" storage="c:\users\gary hall\documents\books\pro wpf and silverlight mvvm\code\mymoney\mymoney.model.test\bin\debug\mymoney.model.test.dll" id="99beaaa9-ba00-453d-6f49-d7020635f7ee">
      <Execution id="d2273d12-d2ba-4cf5-9f7a-71f55f3c073e" />
      <TestMethod codeBase="C:/Users/Gary Hall/Documents/Books/Pro WPF and Silverlight MVVM/Code/MyMoney/MyMoney.Model.Test/bin/Debug/MyMoney.Model.Test.DLL" adapterTypeName="Microsoft.VisualStudio.TestTools.TestTypes.Unit.UnitTestAdapter, Microsoft.VisualStudio.QualityTools.Tips.UnitTest.Adapter, Version=10.0.0.0, Culture=neutral, PublicKeyToken=b03f5f7f11d50a3a" className="MyMoney.Model.Test.PersonTests, MyMoney.Model.Test, Version=1.0.0.0, Culture=neutral, PublicKeyToken=null" name="TestRemoveAccount" />
    </UnitTest>
    <UnitTest name="TestAccountOnlyAppearsOnceInHierarchy" storage="c:\users\gary hall\documents\books\pro wpf and silverlight mvvm\code\mymoney\mymoney.model.test\bin\debug\mymoney.model.test.dll" id="447f6a17-9c3f-29ed-3a8a-ed52d629683f">
      <Execution id="5ce815d6-ef77-4ae4-b2da-75a5a3febb28" />
      <TestMethod codeBase="C:/Users/Gary Hall/Documents/Books/Pro WPF and Silverlight MVVM/Code/MyMoney/MyMoney.Model.Test/bin/Debug/MyMoney.Model.Test.DLL" adapterTypeName="Microsoft.VisualStudio.TestTools.TestTypes.Unit.UnitTestAdapter, Microsoft.VisualStudio.QualityTools.Tips.UnitTest.Adapter, Version=10.0.0.0, Culture=neutral, PublicKeyToken=b03f5f7f11d50a3a" className="MyMoney.Model.Test.CompositeAccountTests, MyMoney.Model.Test, Version=1.0.0.0, Culture=neutral, PublicKeyToken=null" name="TestAccountOnlyAppearsOnceInHierarchy" />
    </UnitTest>
    <UnitTest name="TestSimpleUSDAmount" storage="c:\users\gary hall\documents\books\pro wpf and silverlight mvvm\code\mymoney\mymoney.viewmodel.test\bin\debug\mymoney.viewmodel.test.dll" id="d1513a65-fdf8-872b-22b5-b71e36fa61db">
      <Execution id="37149c80-0850-465f-a36f-148e39cde81a" />
      <TestMethod codeBase="C:/Users/Gary Hall/Documents/Books/Pro WPF and Silverlight MVVM/Code/MyMoney/MyMoney.ViewModel.Test/bin/Debug/MyMoney.ViewModel.Test.DLL" adapterTypeName="Microsoft.VisualStudio.TestTools.TestTypes.Unit.UnitTestAdapter, Microsoft.VisualStudio.QualityTools.Tips.UnitTest.Adapter, Version=10.0.0.0, Culture=neutral, PublicKeyToken=b03f5f7f11d50a3a" className="MyMoney.ViewModel.Test.MoneyViewModelTest, MyMoney.ViewModel.Test, Version=1.0.0.0, Culture=neutral, PublicKeyToken=null" name="TestSimpleUSDAmount" />
    </UnitTest>
    <UnitTest name="TestCalculateNewBalanceWithDeposit" storage="c:\users\gary hall\documents\books\pro wpf and silverlight mvvm\code\mymoney\mymoney.model.test\bin\debug\mymoney.model.test.dll" id="9a8e8d08-2ba9-5e87-0fee-e892910cdbf8">
      <Execution id="2486b875-07df-4e4b-a15e-985ec190a057" />
      <TestMethod codeBase="C:/Users/Gary Hall/Documents/Books/Pro WPF and Silverlight MVVM/Code/MyMoney/MyMoney.Model.Test/bin/Debug/MyMoney.Model.Test.DLL" adapterTypeName="Microsoft.VisualStudio.TestTools.TestTypes.Unit.UnitTestAdapter, Microsoft.VisualStudio.QualityTools.Tips.UnitTest.Adapter, Version=10.0.0.0, Culture=neutral, PublicKeyToken=b03f5f7f11d50a3a" className="MyMoney.Model.Test.EntryTests, MyMoney.Model.Test, Version=1.0.0.0, Culture=neutral, PublicKeyToken=null" name="TestCalculateNewBalanceWithDeposit" />
    </UnitTest>
    <UnitTest name="TestAccountsWithSameNameCannotShareParent" storage="c:\users\gary hall\documents\books\pro wpf and silverlight mvvm\code\mymoney\mymoney.model.test\bin\debug\mymoney.model.test.dll" id="2cf52dbe-eb7f-1137-b0bc-942374cee146">
      <Execution id="97ba8a9b-8588-47d1-9529-7fec4fd91ede" />
      <TestMethod codeBase="C:/Users/Gary Hall/Documents/Books/Pro WPF and Silverlight MVVM/Code/MyMoney/MyMoney.Model.Test/bin/Debug/MyMoney.Model.Test.DLL" adapterTypeName="Microsoft.VisualStudio.TestTools.TestTypes.Unit.UnitTestAdapter, Microsoft.VisualStudio.QualityTools.Tips.UnitTest.Adapter, Version=10.0.0.0, Culture=neutral, PublicKeyToken=b03f5f7f11d50a3a" className="MyMoney.Model.Test.CompositeAccountTests, MyMoney.Model.Test, Version=1.0.0.0, Culture=neutral, PublicKeyToken=null" name="TestAccountsWithSameNameCannotShareParent" />
    </UnitTest>
    <UnitTest name="TestCalculateNewBalanceWithWithdrawal" storage="c:\users\gary hall\documents\books\pro wpf and silverlight mvvm\code\mymoney\mymoney.model.test\bin\debug\mymoney.model.test.dll" id="cf7300a1-3521-5eea-bdb6-deaacc452e6a">
      <Execution id="39dc7d94-205d-465d-baf0-b7ab2269fb2b" />
      <TestMethod codeBase="C:/Users/Gary Hall/Documents/Books/Pro WPF and Silverlight MVVM/Code/MyMoney/MyMoney.Model.Test/bin/Debug/MyMoney.Model.Test.DLL" adapterTypeName="Microsoft.VisualStudio.TestTools.TestTypes.Unit.UnitTestAdapter, Microsoft.VisualStudio.QualityTools.Tips.UnitTest.Adapter, Version=10.0.0.0, Culture=neutral, PublicKeyToken=b03f5f7f11d50a3a" className="MyMoney.Model.Test.EntryTests, MyMoney.Model.Test, Version=1.0.0.0, Culture=neutral, PublicKeyToken=null" name="TestCalculateNewBalanceWithWithdrawal" />
    </UnitTest>
    <UnitTest name="TestDecimalAddition" storage="c:\users\gary hall\documents\books\pro wpf and silverlight mvvm\code\mymoney\mymoney.model.test\bin\debug\mymoney.model.test.dll" id="9b2d885b-a8a7-03c1-299f-d762e20ec0ee">
      <Execution id="49abdc5e-e16b-4d7a-bd92-e9d3c8214f26" />
      <TestMethod codeBase="C:/Users/Gary Hall/Documents/Books/Pro WPF and Silverlight MVVM/Code/MyMoney/MyMoney.Model.Test/bin/Debug/MyMoney.Model.Test.DLL" adapterTypeName="Microsoft.VisualStudio.TestTools.TestTypes.Unit.UnitTestAdapter, Microsoft.VisualStudio.QualityTools.Tips.UnitTest.Adapter, Version=10.0.0.0, Culture=neutral, PublicKeyToken=b03f5f7f11d50a3a" className="MyMoney.Model.Test.MoneyTests, MyMoney.Model.Test, Version=1.0.0.0, Culture=neutral, PublicKeyToken=null" name="TestDecimalAddition" />
    </UnitTest>
    <UnitTest name="TestAddAccount" storage="c:\users\gary hall\documents\books\pro wpf and silverlight mvvm\code\mymoney\mymoney.model.test\bin\debug\mymoney.model.test.dll" id="b2747cb5-7215-0a6d-5362-1b292dab29c8">
      <Execution id="cfcb8811-f934-48bb-82bc-de948beb5468" />
      <TestMethod codeBase="C:/Users/Gary Hall/Documents/Books/Pro WPF and Silverlight MVVM/Code/MyMoney/MyMoney.Model.Test/bin/Debug/MyMoney.Model.Test.DLL" adapterTypeName="Microsoft.VisualStudio.TestTools.TestTypes.Unit.UnitTestAdapter, Microsoft.VisualStudio.QualityTools.Tips.UnitTest.Adapter, Version=10.0.0.0, Culture=neutral, PublicKeyToken=b03f5f7f11d50a3a" className="MyMoney.Model.Test.CompositeAccountTests, MyMoney.Model.Test, Version=1.0.0.0, Culture=neutral, PublicKeyToken=null" name="TestAddAccount" />
    </UnitTest>
    <UnitTest name="TestMoneyAddition" storage="c:\users\gary hall\documents\books\pro wpf and silverlight mvvm\code\mymoney\mymoney.model.test\bin\debug\mymoney.model.test.dll" id="176a39b7-5a56-778d-3917-c9942629793d">
      <Execution id="049d4569-8372-482c-a734-ed742e5496c3" />
      <TestMethod codeBase="C:/Users/Gary Hall/Documents/Books/Pro WPF and Silverlight MVVM/Code/MyMoney/MyMoney.Model.Test/bin/Debug/MyMoney.Model.Test.DLL" adapterTypeName="Microsoft.VisualStudio.TestTools.TestTypes.Unit.UnitTestAdapter, Microsoft.VisualStudio.QualityTools.Tips.UnitTest.Adapter, Version=10.0.0.0, Culture=neutral, PublicKeyToken=b03f5f7f11d50a3a" className="MyMoney.Model.Test.MoneyTests, MyMoney.Model.Test, Version=1.0.0.0, Culture=neutral, PublicKeyToken=null" name="TestMoneyAddition" />
    </UnitTest>
    <UnitTest name="TestMoneyInequality" storage="c:\users\gary hall\documents\books\pro wpf and silverlight mvvm\code\mymoney\mymoney.model.test\bin\debug\mymoney.model.test.dll" id="8107676f-e16c-cdfd-b679-3689e4311f36">
      <Execution id="943ad04d-d7c3-4dd5-981d-bb8565209ff5" />
      <TestMethod codeBase="C:/Users/Gary Hall/Documents/Books/Pro WPF and Silverlight MVVM/Code/MyMoney/MyMoney.Model.Test/bin/Debug/MyMoney.Model.Test.DLL" adapterTypeName="Microsoft.VisualStudio.TestTools.TestTypes.Unit.UnitTestAdapter, Microsoft.VisualStudio.QualityTools.Tips.UnitTest.Adapter, Version=10.0.0.0, Culture=neutral, PublicKeyToken=b03f5f7f11d50a3a" className="MyMoney.Model.Test.MoneyTests, MyMoney.Model.Test, Version=1.0.0.0, Culture=neutral, PublicKeyToken=null" name="TestMoneyInequality" />
    </UnitTest>
    <UnitTest name="TestIntegerMultiplication" storage="c:\users\gary hall\documents\books\pro wpf and silverlight mvvm\code\mymoney\mymoney.model.test\bin\debug\mymoney.model.test.dll" id="14c26f63-240b-e300-a8d6-f98af12ef12c">
      <Execution id="f19dde0a-179c-49a9-a12d-6b4acb965286" />
      <TestMethod codeBase="C:/Users/Gary Hall/Documents/Books/Pro WPF and Silverlight MVVM/Code/MyMoney/MyMoney.Model.Test/bin/Debug/MyMoney.Model.Test.DLL" adapterTypeName="Microsoft.VisualStudio.TestTools.TestTypes.Unit.UnitTestAdapter, Microsoft.VisualStudio.QualityTools.Tips.UnitTest.Adapter, Version=10.0.0.0, Culture=neutral, PublicKeyToken=b03f5f7f11d50a3a" className="MyMoney.Model.Test.MoneyTests, MyMoney.Model.Test, Version=1.0.0.0, Culture=neutral, PublicKeyToken=null" name="TestIntegerMultiplication" />
    </UnitTest>
    <UnitTest name="TestMoneyLessThanOrEqualTo_WithDifferentCurrencies" storage="c:\users\gary hall\documents\books\pro wpf and silverlight mvvm\code\mymoney\mymoney.model.test\bin\debug\mymoney.model.test.dll" id="871f49a1-e582-cdac-a951-441af8971063">
      <Execution id="1d94ac67-5dc5-468a-a91b-e071d87c44e1" />
      <TestMethod codeBase="C:/Users/Gary Hall/Documents/Books/Pro WPF and Silverlight MVVM/Code/MyMoney/MyMoney.Model.Test/bin/Debug/MyMoney.Model.Test.DLL" adapterTypeName="Microsoft.VisualStudio.TestTools.TestTypes.Unit.UnitTestAdapter, Microsoft.VisualStudio.QualityTools.Tips.UnitTest.Adapter, Version=10.0.0.0, Culture=neutral, PublicKeyToken=b03f5f7f11d50a3a" className="MyMoney.Model.Test.MoneyTests, MyMoney.Model.Test, Version=1.0.0.0, Culture=neutral, PublicKeyToken=null" name="TestMoneyLessThanOrEqualTo_WithDifferentCurrencies" />
    </UnitTest>
    <UnitTest name="TestAddAccount" storage="c:\users\gary hall\documents\books\pro wpf and silverlight mvvm\code\mymoney\mymoney.model.test\bin\debug\mymoney.model.test.dll" id="b5d2a033-45cf-3e8b-11d7-5e8ab35dc3ae">
      <Execution id="b779327d-c2d1-40ff-a14c-1c6ab8280325" />
      <TestMethod codeBase="C:/Users/Gary Hall/Documents/Books/Pro WPF and Silverlight MVVM/Code/MyMoney/MyMoney.Model.Test/bin/Debug/MyMoney.Model.Test.DLL" adapterTypeName="Microsoft.VisualStudio.TestTools.TestTypes.Unit.UnitTestAdapter, Microsoft.VisualStudio.QualityTools.Tips.UnitTest.Adapter, Version=10.0.0.0, Culture=neutral, PublicKeyToken=b03f5f7f11d50a3a" className="MyMoney.Model.Test.PersonTests, MyMoney.Model.Test, Version=1.0.0.0, Culture=neutral, PublicKeyToken=null" name="TestAddAccount" />
    </UnitTest>
    <UnitTest name="TestMoneyLessThan" storage="c:\users\gary hall\documents\books\pro wpf and silverlight mvvm\code\mymoney\mymoney.model.test\bin\debug\mymoney.model.test.dll" id="c1a50ef4-2314-875b-518e-aabf370704d1">
      <Execution id="2cc0a755-7e5a-4cb8-8b19-ca15ed739e23" />
      <TestMethod codeBase="C:/Users/Gary Hall/Documents/Books/Pro WPF and Silverlight MVVM/Code/MyMoney/MyMoney.Model.Test/bin/Debug/MyMoney.Model.Test.DLL" adapterTypeName="Microsoft.VisualStudio.TestTools.TestTypes.Unit.UnitTestAdapter, Microsoft.VisualStudio.QualityTools.Tips.UnitTest.Adapter, Version=10.0.0.0, Culture=neutral, PublicKeyToken=b03f5f7f11d50a3a" className="MyMoney.Model.Test.MoneyTests, MyMoney.Model.Test, Version=1.0.0.0, Culture=neutral, PublicKeyToken=null" name="TestMoneyLessThan" />
    </UnitTest>
    <UnitTest name="TestDefaultAccountBalanceIsZero" storage="c:\users\gary hall\documents\books\pro wpf and silverlight mvvm\code\mymoney\mymoney.model.test\bin\debug\mymoney.model.test.dll" id="b1659d28-b526-6c16-48de-69e9c7dcfe18">
      <Execution id="bca977d9-9b58-4e04-8bb2-0c9a9ef7b400" />
      <TestMethod codeBase="C:/Users/Gary Hall/Documents/Books/Pro WPF and Silverlight MVVM/Code/MyMoney/MyMoney.Model.Test/bin/Debug/MyMoney.Model.Test.DLL" adapterTypeName="Microsoft.VisualStudio.TestTools.TestTypes.Unit.UnitTestAdapter, Microsoft.VisualStudio.QualityTools.Tips.UnitTest.Adapter, Version=10.0.0.0, Culture=neutral, PublicKeyToken=b03f5f7f11d50a3a" className="MyMoney.Model.Test.LeafAccountTests, MyMoney.Model.Test, Version=1.0.0.0, Culture=neutral, PublicKeyToken=null" name="TestDefaultAccountBalanceIsZero" />
    </UnitTest>
    <UnitTest name="TestMoneyGreaterThan_WithDifferentCurrencies" storage="c:\users\gary hall\documents\books\pro wpf and silverlight mvvm\code\mymoney\mymoney.model.test\bin\debug\mymoney.model.test.dll" id="199832f9-d1c4-82b4-6ea8-6f9b106eb51f">
      <Execution id="3dcb9127-3f89-4faa-b3af-fbe750ef1cc0" />
      <TestMethod codeBase="C:/Users/Gary Hall/Documents/Books/Pro WPF and Silverlight MVVM/Code/MyMoney/MyMoney.Model.Test/bin/Debug/MyMoney.Model.Test.DLL" adapterTypeName="Microsoft.VisualStudio.TestTools.TestTypes.Unit.UnitTestAdapter, Microsoft.VisualStudio.QualityTools.Tips.UnitTest.Adapter, Version=10.0.0.0, Culture=neutral, PublicKeyToken=b03f5f7f11d50a3a" className="MyMoney.Model.Test.MoneyTests, MyMoney.Model.Test, Version=1.0.0.0, Culture=neutral, PublicKeyToken=null" name="TestMoneyGreaterThan_WithDifferentCurrencies" />
    </UnitTest>
  </TestDefinitions>
  <TestLists>
    <TestList name="Results Not in a List" id="8c84fa94-04c1-424b-9868-57a2d4851a1d" />
    <TestList name="All Loaded Results" id="19431567-8539-422a-85d7-44ee4e166bda" />
  </TestLists>
  <TestEntries>
    <TestEntry testId="0df82333-8dd3-2386-4548-831092c0a100" executionId="3d124a93-0b67-4f9b-8d66-ffb578948ecf" testListId="8c84fa94-04c1-424b-9868-57a2d4851a1d" />
    <TestEntry testId="0e419ff0-125a-7bf6-462b-1ac3be8e60b3" executionId="cd9ac744-55c0-45cc-80e7-8872ea092aab" testListId="8c84fa94-04c1-424b-9868-57a2d4851a1d" />
    <TestEntry testId="14c26f63-240b-e300-a8d6-f98af12ef12c" executionId="f19dde0a-179c-49a9-a12d-6b4acb965286" testListId="8c84fa94-04c1-424b-9868-57a2d4851a1d" />
    <TestEntry testId="176a39b7-5a56-778d-3917-c9942629793d" executionId="049d4569-8372-482c-a734-ed742e5496c3" testListId="8c84fa94-04c1-424b-9868-57a2d4851a1d" />
    <TestEntry testId="199832f9-d1c4-82b4-6ea8-6f9b106eb51f" executionId="3dcb9127-3f89-4faa-b3af-fbe750ef1cc0" testListId="8c84fa94-04c1-424b-9868-57a2d4851a1d" />
    <TestEntry testId="1fcf22cd-f54d-e1e6-fd31-6cfb148ed886" executionId="006da8ad-cd8e-4d4d-9a1a-a3c068e2f39a" testListId="8c84fa94-04c1-424b-9868-57a2d4851a1d" />
    <TestEntry testId="24c04acd-26f2-cbd9-bbfa-3094dab94a1b" executionId="51b92024-7c19-49cf-b3e4-d2ab02b2ce8d" testListId="8c84fa94-04c1-424b-9868-57a2d4851a1d" />
    <TestEntry testId="28f7f648-05a2-44d1-103b-7fd5a2e1924b" executionId="92aed229-b4c0-4f87-807b-f310282775ea" testListId="8c84fa94-04c1-424b-9868-57a2d4851a1d" />
    <TestEntry testId="2cf52dbe-eb7f-1137-b0bc-942374cee146" executionId="97ba8a9b-8588-47d1-9529-7fec4fd91ede" testListId="8c84fa94-04c1-424b-9868-57a2d4851a1d" />
    <TestEntry testId="355d3f79-faa6-4ed9-bc49-0057d3295009" executionId="55479ba7-86f6-4821-adce-d46ff7e7374c" testListId="8c84fa94-04c1-424b-9868-57a2d4851a1d" />
    <TestEntry testId="447f6a17-9c3f-29ed-3a8a-ed52d629683f" executionId="5ce815d6-ef77-4ae4-b2da-75a5a3febb28" testListId="8c84fa94-04c1-424b-9868-57a2d4851a1d" />
    <TestEntry testId="4846a8e9-75dc-cada-1387-c372c7702a90" executionId="b811e9b8-ea43-4a29-b70a-a0faf03292fd" testListId="8c84fa94-04c1-424b-9868-57a2d4851a1d" />
    <TestEntry testId="52dd4129-b1ee-c209-25fe-1e84cf03a0b4" executionId="5d0d396a-336d-4cea-b957-d7fc98e3b322" testListId="8c84fa94-04c1-424b-9868-57a2d4851a1d" />
    <TestEntry testId="55d7d97b-90da-424d-f7a3-3b4d69b551e8" executionId="ce4bd023-4573-4b16-9b5e-3b0049f3ffdd" testListId="8c84fa94-04c1-424b-9868-57a2d4851a1d" />
    <TestEntry testId="719b99a2-ccd9-d901-c33e-c7ca5b16d735" executionId="87e94356-0d59-4988-841f-561b451a34cd" testListId="8c84fa94-04c1-424b-9868-57a2d4851a1d" />
    <TestEntry testId="7525f8c9-a9cc-ce6e-158a-8531bc3dff4c" executionId="3656f7e8-ff46-4dc1-98b7-0787fe617a20" testListId="8c84fa94-04c1-424b-9868-57a2d4851a1d" />
    <TestEntry testId="76663220-b66f-a344-1b95-70336a50cd79" executionId="de8972b0-8a20-4fc0-afa3-56c41e0ff5fc" testListId="8c84fa94-04c1-424b-9868-57a2d4851a1d" />
    <TestEntry testId="78c91968-703b-bff5-6f93-3d07f3ffd761" executionId="90842595-ac3b-4f02-a363-314d05da26bd" testListId="8c84fa94-04c1-424b-9868-57a2d4851a1d" />
    <TestEntry testId="7b376514-6f80-ca16-fb57-fb767aea817f" executionId="8e99319e-2de2-4235-becc-a24f76957b24" testListId="8c84fa94-04c1-424b-9868-57a2d4851a1d" />
    <TestEntry testId="7de16891-0c69-f9dd-d022-02f5a9c59639" executionId="16a23823-e588-4593-8561-17d7b16852bc" testListId="8c84fa94-04c1-424b-9868-57a2d4851a1d" />
    <TestEntry testId="8107676f-e16c-cdfd-b679-3689e4311f36" executionId="943ad04d-d7c3-4dd5-981d-bb8565209ff5" testListId="8c84fa94-04c1-424b-9868-57a2d4851a1d" />
    <TestEntry testId="84331712-c27b-c50b-772b-5da9c5e5f9ca" executionId="3090e8f1-20bb-42e9-8872-6f4666a632d8" testListId="8c84fa94-04c1-424b-9868-57a2d4851a1d" />
    <TestEntry testId="871f49a1-e582-cdac-a951-441af8971063" executionId="1d94ac67-5dc5-468a-a91b-e071d87c44e1" testListId="8c84fa94-04c1-424b-9868-57a2d4851a1d" />
    <TestEntry testId="8dcc9c7e-1445-b321-953e-5e9ded9d51f6" executionId="3f39b626-f508-4f65-8b29-2e7dcad0fcf7" testListId="8c84fa94-04c1-424b-9868-57a2d4851a1d" />
    <TestEntry testId="99beaaa9-ba00-453d-6f49-d7020635f7ee" executionId="d2273d12-d2ba-4cf5-9f7a-71f55f3c073e" testListId="8c84fa94-04c1-424b-9868-57a2d4851a1d" />
    <TestEntry testId="9a8e8d08-2ba9-5e87-0fee-e892910cdbf8" executionId="2486b875-07df-4e4b-a15e-985ec190a057" testListId="8c84fa94-04c1-424b-9868-57a2d4851a1d" />
    <TestEntry testId="9b2d885b-a8a7-03c1-299f-d762e20ec0ee" executionId="49abdc5e-e16b-4d7a-bd92-e9d3c8214f26" testListId="8c84fa94-04c1-424b-9868-57a2d4851a1d" />
    <TestEntry testId="a131c1cd-5ebb-f896-bf70-e19826c2755a" executionId="2a05708c-74e2-441e-9ed4-b377e59dfdd0" testListId="8c84fa94-04c1-424b-9868-57a2d4851a1d" />
    <TestEntry testId="b1659d28-b526-6c16-48de-69e9c7dcfe18" executionId="bca977d9-9b58-4e04-8bb2-0c9a9ef7b400" testListId="8c84fa94-04c1-424b-9868-57a2d4851a1d" />
    <TestEntry testId="b2747cb5-7215-0a6d-5362-1b292dab29c8" executionId="cfcb8811-f934-48bb-82bc-de948beb5468" testListId="8c84fa94-04c1-424b-9868-57a2d4851a1d" />
    <TestEntry testId="b5d2a033-45cf-3e8b-11d7-5e8ab35dc3ae" executionId="b779327d-c2d1-40ff-a14c-1c6ab8280325" testListId="8c84fa94-04c1-424b-9868-57a2d4851a1d" />
    <TestEntry testId="c1a50ef4-2314-875b-518e-aabf370704d1" executionId="2cc0a755-7e5a-4cb8-8b19-ca15ed739e23" testListId="8c84fa94-04c1-424b-9868-57a2d4851a1d" />
    <TestEntry testId="c573a8cc-b339-9d86-475e-c296c732a297" executionId="be10db75-2492-420a-b3d7-2913277117ad" testListId="8c84fa94-04c1-424b-9868-57a2d4851a1d" />
    <TestEntry testId="cf7300a1-3521-5eea-bdb6-deaacc452e6a" executionId="39dc7d94-205d-465d-baf0-b7ab2269fb2b" testListId="8c84fa94-04c1-424b-9868-57a2d4851a1d" />
    <TestEntry testId="d1513a65-fdf8-872b-22b5-b71e36fa61db" executionId="37149c80-0850-465f-a36f-148e39cde81a" testListId="8c84fa94-04c1-424b-9868-57a2d4851a1d" />
    <TestEntry testId="e3259fc0-849f-28fd-20c2-ca89775496f9" executionId="8725ec99-aa01-4545-aae5-3499d996b979" testListId="8c84fa94-04c1-424b-9868-57a2d4851a1d" />
    <TestEntry testId="ec648528-7639-30f5-a594-aa50e078b4a6" executionId="94e0d157-e2ec-441c-ba6c-e54d9a51984e" testListId="8c84fa94-04c1-424b-9868-57a2d4851a1d" />
  </TestEntries>
  <Results>
    <UnitTestResult executionId="3d124a93-0b67-4f9b-8d66-ffb578948ecf" testId="0df82333-8dd3-2386-4548-831092c0a100" testName="TestAccountsWithSameNameCanExistInHierarchy" computerName="GARYHALL-LAPPY" duration="00:00:00.0497736" startTime="2011-01-11T20:47:38.4205182+00:00" endTime="2011-01-11T20:47:39.0485363+00:00" testType="13cdc9d9-ddb5-4fa4-a97d-d965ccfc6d4b" outcome="Passed" testListId="8c84fa94-04c1-424b-9868-57a2d4851a1d" relativeResultsDirectory="3d124a93-0b67-4f9b-8d66-ffb578948ecf">
    </UnitTestResult>
    <UnitTestResult executionId="cd9ac744-55c0-45cc-80e7-8872ea092aab" testId="0e419ff0-125a-7bf6-462b-1ac3be8e60b3" testName="TestMoneyLessThan_WithDifferentCurrencies" computerName="GARYHALL-LAPPY" duration="00:00:00.0263945" startTime="2011-01-11T20:47:39.0585363+00:00" endTime="2011-01-11T20:47:39.1155390+00:00" testType="13cdc9d9-ddb5-4fa4-a97d-d965ccfc6d4b" outcome="Passed" testListId="8c84fa94-04c1-424b-9868-57a2d4851a1d" relativeResultsDirectory="cd9ac744-55c0-45cc-80e7-8872ea092aab">
    </UnitTestResult>
    <UnitTestResult executionId="f19dde0a-179c-49a9-a12d-6b4acb965286" testId="14c26f63-240b-e300-a8d6-f98af12ef12c" testName="TestIntegerMultiplication" computerName="GARYHALL-LAPPY" duration="00:00:00.0030380" startTime="2011-01-11T20:47:39.1215393+00:00" endTime="2011-01-11T20:47:39.1435406+00:00" testType="13cdc9d9-ddb5-4fa4-a97d-d965ccfc6d4b" outcome="Passed" testListId="8c84fa94-04c1-424b-9868-57a2d4851a1d" relativeResultsDirectory="f19dde0a-179c-49a9-a12d-6b4acb965286">
    </UnitTestResult>
    <UnitTestResult executionId="049d4569-8372-482c-a734-ed742e5496c3" testId="176a39b7-5a56-778d-3917-c9942629793d" testName="TestMoneyAddition" computerName="GARYHALL-LAPPY" duration="00:00:00.0165286" startTime="2011-01-11T20:47:39.1495409+00:00" endTime="2011-01-11T20:47:39.1805427+00:00" testType="13cdc9d9-ddb5-4fa4-a97d-d965ccfc6d4b" outcome="Passed" testListId="8c84fa94-04c1-424b-9868-57a2d4851a1d" relativeResultsDirectory="049d4569-8372-482c-a734-ed742e5496c3">
    </UnitTestResult>
    <UnitTestResult executionId="3dcb9127-3f89-4faa-b3af-fbe750ef1cc0" testId="199832f9-d1c4-82b4-6ea8-6f9b106eb51f" testName="TestMoneyGreaterThan_WithDifferentCurrencies" computerName="GARYHALL-LAPPY" duration="00:00:00.0016028" startTime="2011-01-11T20:47:39.1905433+00:00" endTime="2011-01-11T20:47:39.2055441+00:00" testType="13cdc9d9-ddb5-4fa4-a97d-d965ccfc6d4b" outcome="Passed" testListId="8c84fa94-04c1-424b-9868-57a2d4851a1d" relativeResultsDirectory="3dcb9127-3f89-4faa-b3af-fbe750ef1cc0">
    </UnitTestResult>
    <UnitTestResult executionId="006da8ad-cd8e-4d4d-9a1a-a3c068e2f39a" testId="1fcf22cd-f54d-e1e6-fd31-6cfb148ed886" testName="TestNetWorth" computerName="GARYHALL-LAPPY" duration="00:00:00.0088198" startTime="2011-01-11T20:47:39.2095444+00:00" endTime="2011-01-11T20:47:39.2385460+00:00" testType="13cdc9d9-ddb5-4fa4-a97d-d965ccfc6d4b" outcome="Passed" testListId="8c84fa94-04c1-424b-9868-57a2d4851a1d" relativeResultsDirectory="006da8ad-cd8e-4d4d-9a1a-a3c068e2f39a">
    </UnitTestResult>
    <UnitTestResult executionId="51b92024-7c19-49cf-b3e4-d2ab02b2ce8d" testId="24c04acd-26f2-cbd9-bbfa-3094dab94a1b" testName="TestMoneyLessThanOrEqualTo" computerName="GARYHALL-LAPPY" duration="00:00:00.0486547" startTime="2011-01-11T20:47:39.3095501+00:00" endTime="2011-01-11T20:47:39.3755539+00:00" testType="13cdc9d9-ddb5-4fa4-a97d-d965ccfc6d4b" outcome="Passed" testListId="8c84fa94-04c1-424b-9868-57a2d4851a1d" relativeResultsDirectory="51b92024-7c19-49cf-b3e4-d2ab02b2ce8d">
    </UnitTestResult>
    <UnitTestResult executionId="92aed229-b4c0-4f87-807b-f310282775ea" testId="28f7f648-05a2-44d1-103b-7fd5a2e1924b" testName="TestMoneyGreaterThanOrEqualTo" computerName="GARYHALL-LAPPY" duration="00:00:00.0013315" startTime="2011-01-11T20:47:40.3706108+00:00" endTime="2011-01-11T20:47:40.3946121+00:00" testType="13cdc9d9-ddb5-4fa4-a97d-d965ccfc6d4b" outcome="Passed" testListId="8c84fa94-04c1-424b-9868-57a2d4851a1d" relativeResultsDirectory="92aed229-b4c0-4f87-807b-f310282775ea">
    </UnitTestResult>
    <UnitTestResult executionId="97ba8a9b-8588-47d1-9529-7fec4fd91ede" testId="2cf52dbe-eb7f-1137-b0bc-942374cee146" testName="TestAccountsWithSameNameCannotShareParent" computerName="GARYHALL-LAPPY" duration="00:00:00.0019680" startTime="2011-01-11T20:47:40.4056128+00:00" endTime="2011-01-11T20:47:40.4256139+00:00" testType="13cdc9d9-ddb5-4fa4-a97d-d965ccfc6d4b" outcome="Passed" testListId="8c84fa94-04c1-424b-9868-57a2d4851a1d" relativeResultsDirectory="97ba8a9b-8588-47d1-9529-7fec4fd91ede">
    </UnitTestResult>
    <UnitTestResult executionId="55479ba7-86f6-4821-adce-d46ff7e7374c" testId="355d3f79-faa6-4ed9-bc49-0057d3295009" testName="TestAccountBalanceAllDeposits" computerName="GARYHALL-LAPPY" duration="00:00:00.0017392" startTime="2011-01-11T20:47:40.4296142+00:00" endTime="2011-01-11T20:47:40.4446150+00:00" testType="13cdc9d9-ddb5-4fa4-a97d-d965ccfc6d4b" outcome="Passed" testListId="8c84fa94-04c1-424b-9868-57a2d4851a1d" relativeResultsDirectory="55479ba7-86f6-4821-adce-d46ff7e7374c">
    </UnitTestResult>
    <UnitTestResult executionId="5ce815d6-ef77-4ae4-b2da-75a5a3febb28" testId="447f6a17-9c3f-29ed-3a8a-ed52d629683f" testName="TestAccountOnlyAppearsOnceInHierarchy" computerName="GARYHALL-LAPPY" duration="00:00:00.0018697" startTime="2011-01-11T20:47:40.4606159+00:00" endTime="2011-01-11T20:47:40.4766168+00:00" testType="13cdc9d9-ddb5-4fa4-a97d-d965ccfc6d4b" outcome="Passed" testListId="8c84fa94-04c1-424b-9868-57a2d4851a1d" relativeResultsDirectory="5ce815d6-ef77-4ae4-b2da-75a5a3febb28">
    </UnitTestResult>
    <UnitTestResult executionId="b811e9b8-ea43-4a29-b70a-a0faf03292fd" testId="4846a8e9-75dc-cada-1387-c372c7702a90" testName="TestRemoveAccount" computerName="GARYHALL-LAPPY" duration="00:00:00.0051013" startTime="2011-01-11T20:47:40.4916177+00:00" endTime="2011-01-11T20:47:40.5026183+00:00" testType="13cdc9d9-ddb5-4fa4-a97d-d965ccfc6d4b" outcome="Passed" testListId="8c84fa94-04c1-424b-9868-57a2d4851a1d" relativeResultsDirectory="b811e9b8-ea43-4a29-b70a-a0faf03292fd">
    </UnitTestResult>
    <UnitTestResult executionId="5d0d396a-336d-4cea-b957-d7fc98e3b322" testId="52dd4129-b1ee-c209-25fe-1e84cf03a0b4" testName="TestNegativeUSDAmount" computerName="GARYHALL-LAPPY" duration="00:00:00.0244446" startTime="2011-01-11T20:47:40.5206194+00:00" endTime="2011-01-11T20:47:40.8856402+00:00" testType="13cdc9d9-ddb5-4fa4-a97d-d965ccfc6d4b" outcome="Passed" testListId="8c84fa94-04c1-424b-9868-57a2d4851a1d" relativeResultsDirectory="5d0d396a-336d-4cea-b957-d7fc98e3b322">
    </UnitTestResult>
    <UnitTestResult executionId="ce4bd023-4573-4b16-9b5e-3b0049f3ffdd" testId="55d7d97b-90da-424d-f7a3-3b4d69b551e8" testName="TestIntegerDivision" computerName="GARYHALL-LAPPY" duration="00:00:00.0372626" startTime="2011-01-11T20:47:40.9916463+00:00" endTime="2011-01-11T20:47:41.0656505+00:00" testType="13cdc9d9-ddb5-4fa4-a97d-d965ccfc6d4b" outcome="Passed" testListId="8c84fa94-04c1-424b-9868-57a2d4851a1d" relativeResultsDirectory="ce4bd023-4573-4b16-9b5e-3b0049f3ffdd">
    </UnitTestResult>
    <UnitTestResult executionId="87e94356-0d59-4988-841f-561b451a34cd" testId="719b99a2-ccd9-d901-c33e-c7ca5b16d735" testName="TestAccountsCannotBeDirectlyCyclical" computerName="GARYHALL-LAPPY" duration="00:00:00.0014092" startTime="2011-01-11T20:47:41.0786513+00:00" endTime="2011-01-11T20:47:41.0906520+00:00" testType="13cdc9d9-ddb5-4fa4-a97d-d965ccfc6d4b" outcome="Passed" testListId="8c84fa94-04c1-424b-9868-57a2d4851a1d" relativeResultsDirectory="87e94356-0d59-4988-841f-561b451a34cd">
    </UnitTestResult>
    <UnitTestResult executionId="3656f7e8-ff46-4dc1-98b7-0787fe617a20" testId="7525f8c9-a9cc-ce6e-158a-8531bc3dff4c" testName="TestNegativeGBPAmount" computerName="GARYHALL-LAPPY" duration="00:00:00.0061518" startTime="2011-01-11T20:47:41.1006525+00:00" endTime="2011-01-11T20:47:41.1166534+00:00" testType="13cdc9d9-ddb5-4fa4-a97d-d965ccfc6d4b" outcome="Passed" testListId="8c84fa94-04c1-424b-9868-57a2d4851a1d" relativeResultsDirectory="3656f7e8-ff46-4dc1-98b7-0787fe617a20">
    </UnitTestResult>
    <UnitTestResult executionId="de8972b0-8a20-4fc0-afa3-56c41e0ff5fc" testId="76663220-b66f-a344-1b95-70336a50cd79" testName="TestMoneySubtraction" computerName="GARYHALL-LAPPY" duration="00:00:00.0009082" startTime="2011-01-11T20:47:41.1286541+00:00" endTime="2011-01-11T20:47:41.1326544+00:00" testType="13cdc9d9-ddb5-4fa4-a97d-d965ccfc6d4b" outcome="Passed" testListId="8c84fa94-04c1-424b-9868-57a2d4851a1d" relativeResultsDirectory="de8972b0-8a20-4fc0-afa3-56c41e0ff5fc">
    </UnitTestResult>
    <UnitTestResult executionId="90842595-ac3b-4f02-a363-314d05da26bd" testId="78c91968-703b-bff5-6f93-3d07f3ffd761" testName="TestMoneyEquality" computerName="GARYHALL-LAPPY" duration="00:00:00.0005880" startTime="2011-01-11T20:47:41.1426544+00:00" endTime="2011-01-11T20:47:41.1856552+00:00" testType="13cdc9d9-ddb5-4fa4-a97d-d965ccfc6d4b" outcome="Passed" testListId="8c84fa94-04c1-424b-9868-57a2d4851a1d" relativeResultsDirectory="90842595-ac3b-4f02-a363-314d05da26bd">
    </UnitTestResult>
    <UnitTestResult executionId="8e99319e-2de2-4235-becc-a24f76957b24" testId="7b376514-6f80-ca16-fb57-fb767aea817f" testName="ItShouldDelegateToThePersonForTheNetWorth" computerName="GARYHALL-LAPPY" duration="00:00:00.0083017" startTime="2011-01-11T20:47:41.1976558+00:00" endTime="2011-01-11T20:47:41.2116566+00:00" testType="13cdc9d9-ddb5-4fa4-a97d-d965ccfc6d4b" outcome="Passed" testListId="8c84fa94-04c1-424b-9868-57a2d4851a1d" relativeResultsDirectory="8e99319e-2de2-4235-becc-a24f76957b24">
    </UnitTestResult>
    <UnitTestResult executionId="16a23823-e588-4593-8561-17d7b16852bc" testId="7de16891-0c69-f9dd-d022-02f5a9c59639" testName="TestMoneySubtraction_WithDifferentCurrencies" computerName="GARYHALL-LAPPY" duration="00:00:00.0074325" startTime="2011-01-11T20:47:41.2236573+00:00" endTime="2011-01-11T20:47:41.2456586+00:00" testType="13cdc9d9-ddb5-4fa4-a97d-d965ccfc6d4b" outcome="Passed" testListId="8c84fa94-04c1-424b-9868-57a2d4851a1d" relativeResultsDirectory="16a23823-e588-4593-8561-17d7b16852bc">
    </UnitTestResult>
    <UnitTestResult executionId="943ad04d-d7c3-4dd5-981d-bb8565209ff5" testId="8107676f-e16c-cdfd-b679-3689e4311f36" testName="TestMoneyInequality" computerName="GARYHALL-LAPPY" duration="00:00:00.0003915" startTime="2011-01-11T20:47:41.2636596+00:00" endTime="2011-01-11T20:47:41.2706600+00:00" testType="13cdc9d9-ddb5-4fa4-a97d-d965ccfc6d4b" outcome="Passed" testListId="8c84fa94-04c1-424b-9868-57a2d4851a1d" relativeResultsDirectory="943ad04d-d7c3-4dd5-981d-bb8565209ff5">
    </UnitTestResult>
    <UnitTestResult executionId="3090e8f1-20bb-42e9-8872-6f4666a632d8" testId="84331712-c27b-c50b-772b-5da9c5e5f9ca" testName="TestAccountsCannotBeIndirectlyCyclical" computerName="GARYHALL-LAPPY" duration="00:00:00.0042430" startTime="2011-01-11T20:47:41.2746603+00:00" endTime="2011-01-11T20:47:41.2976616+00:00" testType="13cdc9d9-ddb5-4fa4-a97d-d965ccfc6d4b" outcome="Passed" testListId="8c84fa94-04c1-424b-9868-57a2d4851a1d" relativeResultsDirectory="3090e8f1-20bb-42e9-8872-6f4666a632d8">
    </UnitTestResult>
    <UnitTestResult executionId="1d94ac67-5dc5-468a-a91b-e071d87c44e1" testId="871f49a1-e582-cdac-a951-441af8971063" testName="TestMoneyLessThanOrEqualTo_WithDifferentCurrencies" computerName="GARYHALL-LAPPY" duration="00:00:00.0105068" startTime="2011-01-11T20:47:41.3086622+00:00" endTime="2011-01-11T20:47:41.3246631+00:00" testType="13cdc9d9-ddb5-4fa4-a97d-d965ccfc6d4b" outcome="Passed" testListId="8c84fa94-04c1-424b-9868-57a2d4851a1d" relativeResultsDirectory="1d94ac67-5dc5-468a-a91b-e071d87c44e1">
    </UnitTestResult>
    <UnitTestResult executionId="3f39b626-f508-4f65-8b29-2e7dcad0fcf7" testId="8dcc9c7e-1445-b321-953e-5e9ded9d51f6" testName="TestMoneyAddition_WithDifferentCurrencies" computerName="GARYHALL-LAPPY" duration="00:00:00.0003539" startTime="2011-01-11T20:47:41.3386639+00:00" endTime="2011-01-11T20:47:41.3566649+00:00" testType="13cdc9d9-ddb5-4fa4-a97d-d965ccfc6d4b" outcome="Passed" testListId="8c84fa94-04c1-424b-9868-57a2d4851a1d" relativeResultsDirectory="3f39b626-f508-4f65-8b29-2e7dcad0fcf7">
    </UnitTestResult>
    <UnitTestResult executionId="d2273d12-d2ba-4cf5-9f7a-71f55f3c073e" testId="99beaaa9-ba00-453d-6f49-d7020635f7ee" testName="TestRemoveAccount" computerName="GARYHALL-LAPPY" duration="00:00:00.0088521" startTime="2011-01-11T20:47:41.3696657+00:00" endTime="2011-01-11T20:47:41.3906669+00:00" testType="13cdc9d9-ddb5-4fa4-a97d-d965ccfc6d4b" outcome="Passed" testListId="8c84fa94-04c1-424b-9868-57a2d4851a1d" relativeResultsDirectory="d2273d12-d2ba-4cf5-9f7a-71f55f3c073e">
    </UnitTestResult>
    <UnitTestResult executionId="2486b875-07df-4e4b-a15e-985ec190a057" testId="9a8e8d08-2ba9-5e87-0fee-e892910cdbf8" testName="TestCalculateNewBalanceWithDeposit" computerName="GARYHALL-LAPPY" duration="00:00:00.0242980" startTime="2011-01-11T20:47:41.4016675+00:00" endTime="2011-01-11T20:47:41.4606709+00:00" testType="13cdc9d9-ddb5-4fa4-a97d-d965ccfc6d4b" outcome="Passed" testListId="8c84fa94-04c1-424b-9868-57a2d4851a1d" relativeResultsDirectory="2486b875-07df-4e4b-a15e-985ec190a057">
    </UnitTestResult>
    <UnitTestResult executionId="49abdc5e-e16b-4d7a-bd92-e9d3c8214f26" testId="9b2d885b-a8a7-03c1-299f-d762e20ec0ee" testName="TestDecimalAddition" computerName="GARYHALL-LAPPY" duration="00:00:00.0014870" startTime="2011-01-11T20:47:41.4736716+00:00" endTime="2011-01-11T20:47:41.4946728+00:00" testType="13cdc9d9-ddb5-4fa4-a97d-d965ccfc6d4b" outcome="Passed" testListId="8c84fa94-04c1-424b-9868-57a2d4851a1d" relativeResultsDirectory="49abdc5e-e16b-4d7a-bd92-e9d3c8214f26">
    </UnitTestResult>
    <UnitTestResult executionId="2a05708c-74e2-441e-9ed4-b377e59dfdd0" testId="a131c1cd-5ebb-f896-bf70-e19826c2755a" testName="TestMoneyGreaterThan" computerName="GARYHALL-LAPPY" duration="00:00:00.0011502" startTime="2011-01-11T20:47:41.4986731+00:00" endTime="2011-01-11T20:47:41.5186742+00:00" testType="13cdc9d9-ddb5-4fa4-a97d-d965ccfc6d4b" outcome="Passed" testListId="8c84fa94-04c1-424b-9868-57a2d4851a1d" relativeResultsDirectory="2a05708c-74e2-441e-9ed4-b377e59dfdd0">
    </UnitTestResult>
    <UnitTestResult executionId="bca977d9-9b58-4e04-8bb2-0c9a9ef7b400" testId="b1659d28-b526-6c16-48de-69e9c7dcfe18" testName="TestDefaultAccountBalanceIsZero" computerName="GARYHALL-LAPPY" duration="00:00:00.0041726" startTime="2011-01-11T20:47:41.5226744+00:00" endTime="2011-01-11T20:47:41.5326750+00:00" testType="13cdc9d9-ddb5-4fa4-a97d-d965ccfc6d4b" outcome="Passed" testListId="8c84fa94-04c1-424b-9868-57a2d4851a1d" relativeResultsDirectory="bca977d9-9b58-4e04-8bb2-0c9a9ef7b400">
    </UnitTestResult>
    <UnitTestResult executionId="cfcb8811-f934-48bb-82bc-de948beb5468" testId="b2747cb5-7215-0a6d-5362-1b292dab29c8" testName="TestAddAccount" computerName="GARYHALL-LAPPY" duration="00:00:00.0013437" startTime="2011-01-11T20:47:41.5356752+00:00" endTime="2011-01-11T20:47:41.5586765+00:00" testType="13cdc9d9-ddb5-4fa4-a97d-d965ccfc6d4b" outcome="Passed" testListId="8c84fa94-04c1-424b-9868-57a2d4851a1d" relativeResultsDirectory="cfcb8811-f934-48bb-82bc-de948beb5468">
    </UnitTestResult>
    <UnitTestResult executionId="b779327d-c2d1-40ff-a14c-1c6ab8280325" testId="b5d2a033-45cf-3e8b-11d7-5e8ab35dc3ae" testName="TestAddAccount" computerName="GARYHALL-LAPPY" duration="00:00:00.0003441" startTime="2011-01-11T20:47:41.5616767+00:00" endTime="2011-01-11T20:47:41.5856780+00:00" testType="13cdc9d9-ddb5-4fa4-a97d-d965ccfc6d4b" outcome="Passed" testListId="8c84fa94-04c1-424b-9868-57a2d4851a1d" relativeResultsDirectory="b779327d-c2d1-40ff-a14c-1c6ab8280325">
    </UnitTestResult>
    <UnitTestResult executionId="2cc0a755-7e5a-4cb8-8b19-ca15ed739e23" testId="c1a50ef4-2314-875b-518e-aabf370704d1" testName="TestMoneyLessThan" computerName="GARYHALL-LAPPY" duration="00:00:00.0051986" startTime="2011-01-11T20:47:41.7096851+00:00" endTime="2011-01-11T20:47:41.7386868+00:00" testType="13cdc9d9-ddb5-4fa4-a97d-d965ccfc6d4b" outcome="Passed" testListId="8c84fa94-04c1-424b-9868-57a2d4851a1d" relativeResultsDirectory="2cc0a755-7e5a-4cb8-8b19-ca15ed739e23">
    </UnitTestResult>
    <UnitTestResult executionId="be10db75-2492-420a-b3d7-2913277117ad" testId="c573a8cc-b339-9d86-475e-c296c732a297" testName="TestSimpleGBPAmount" computerName="GARYHALL-LAPPY" duration="00:00:00.0014029" startTime="2011-01-11T20:47:41.7516875+00:00" endTime="2011-01-11T20:47:41.7686885+00:00" testType="13cdc9d9-ddb5-4fa4-a97d-d965ccfc6d4b" outcome="Passed" testListId="8c84fa94-04c1-424b-9868-57a2d4851a1d" relativeResultsDirectory="be10db75-2492-420a-b3d7-2913277117ad">
    </UnitTestResult>
    <UnitTestResult executionId="39dc7d94-205d-465d-baf0-b7ab2269fb2b" testId="cf7300a1-3521-5eea-bdb6-deaacc452e6a" testName="TestCalculateNewBalanceWithWithdrawal" computerName="GARYHALL-LAPPY" duration="00:00:00.0056752" startTime="2011-01-11T20:47:41.7826893+00:00" endTime="2011-01-11T20:47:41.8026905+00:00" testType="13cdc9d9-ddb5-4fa4-a97d-d965ccfc6d4b" outcome="Passed" testListId="8c84fa94-04c1-424b-9868-57a2d4851a1d" relativeResultsDirectory="39dc7d94-205d-465d-baf0-b7ab2269fb2b">
    </UnitTestResult>
    <UnitTestResult executionId="37149c80-0850-465f-a36f-148e39cde81a" testId="d1513a65-fdf8-872b-22b5-b71e36fa61db" testName="TestSimpleUSDAmount" computerName="GARYHALL-LAPPY" duration="00:00:00.0017343" startTime="2011-01-11T20:47:41.8086908+00:00" endTime="2011-01-11T20:47:41.8286919+00:00" testType="13cdc9d9-ddb5-4fa4-a97d-d965ccfc6d4b" outcome="Passed" testListId="8c84fa94-04c1-424b-9868-57a2d4851a1d" relativeResultsDirectory="37149c80-0850-465f-a36f-148e39cde81a">
    </UnitTestResult>
    <UnitTestResult executionId="8725ec99-aa01-4545-aae5-3499d996b979" testId="e3259fc0-849f-28fd-20c2-ca89775496f9" testName="TestMoneyGreaterThanOrEqualTo_WithDifferentCurrencies" computerName="GARYHALL-LAPPY" duration="00:00:00.0078197" startTime="2011-01-11T20:47:41.8386925+00:00" endTime="2011-01-11T20:47:41.8676942+00:00" testType="13cdc9d9-ddb5-4fa4-a97d-d965ccfc6d4b" outcome="Passed" testListId="8c84fa94-04c1-424b-9868-57a2d4851a1d" relativeResultsDirectory="8725ec99-aa01-4545-aae5-3499d996b979">
    </UnitTestResult>
    <UnitTestResult executionId="94e0d157-e2ec-441c-ba6c-e54d9a51984e" testId="ec648528-7639-30f5-a594-aa50e078b4a6" testName="TestDecimalSubtraction" computerName="GARYHALL-LAPPY" duration="00:00:00.0047738" startTime="2011-01-11T20:47:41.8866953+00:00" endTime="2011-01-11T20:47:41.9076965+00:00" testType="13cdc9d9-ddb5-4fa4-a97d-d965ccfc6d4b" outcome="Passed" testListId="8c84fa94-04c1-424b-9868-57a2d4851a1d" relativeResultsDirectory="94e0d157-e2ec-441c-ba6c-e54d9a51984e">
    </UnitTestResult>
  </Results>
</TestRun>